
> backend-cyberpal_v_2.0@1.0.0 test
> cross-env NODE_ENV=test jest --testTimeout=10000

  console.log
    ≡ƒº¬ Setting up test environment...

      at Object.log (tests/setup.js:14:11)

  console.log
    [dotenv@17.2.3] injecting env (11) from .env -- tip: ΓÜÖ∩╕Å  write to custom object with { processEnv: myObject }

      at _log (node_modules/dotenv/lib/main.js:142:11)

  console.log
    ≡ƒº¬ Setting up test environment...

      at Object.log (tests/setup.js:14:11)

  console.log
    ≡ƒº¬ Setting up test environment...

      at Object.log (tests/setup.js:14:11)

  console.log
    [dotenv@17.2.3] injecting env (11) from .env -- tip: ≡ƒ¢á∩╕Å  run anywhere with `dotenvx run -- yourcommand`

      at _log (node_modules/dotenv/lib/main.js:142:11)

  console.log
    ≡ƒº¬ Setting up test environment...

      at Object.log (tests/setup.js:14:11)

  console.log
    ≡ƒº¬ Setting up test environment...

      at Object.log (tests/setup.js:14:11)

  console.log
    [Processing] test.json: 1 findings normalized, inserting in chunks of 200

      at VulnerabilityService.log [as _processSingleFile] (services/vulnerability_Service.js:367:15)

  console.log
    [Processing] Chunk complete ΓÇö total inserted so far: 1

      at VulnerabilityService.log [as _processSingleFile] (services/vulnerability_Service.js:535:17)

  console.log
    [Processing] File test.json: 1/1 vulnerabilities inserted (scanner: TestScanner)

      at VulnerabilityService.log [as _processSingleFile] (services/vulnerability_Service.js:563:15)

  console.log
    ≡ƒº¬ Setting up test environment...

      at Object.log (tests/setup.js:14:11)

  console.log
    Γ£ô [BatchProcessor] File scan-results.json: parsed 2 findings

      at log (services/batchProcessor.js:138:17)

  console.log
    [Processing] test.json: 1 findings normalized, inserting in chunks of 200

      at VulnerabilityService.log [as _processSingleFile] (services/vulnerability_Service.js:367:15)

  console.log
    [Processing] Chunk complete ΓÇö total inserted so far: 1

      at VulnerabilityService.log [as _processSingleFile] (services/vulnerability_Service.js:535:17)

  console.log
    [Processing] File test.json: 1/1 vulnerabilities inserted (scanner: TestScanner)

      at VulnerabilityService.log [as _processSingleFile] (services/vulnerability_Service.js:563:15)

  console.log
    Γ£ô [BatchProcessor] File scan-results.json: parsed 1 findings

      at log (services/batchProcessor.js:138:17)

  console.log
    Γ£ô [BatchProcessor] File scan-results.json: parsed 1 findings

      at log (services/batchProcessor.js:138:17)

  console.log
    [Processing] test.json: 1 findings normalized, inserting in chunks of 200

      at VulnerabilityService.log [as _processSingleFile] (services/vulnerability_Service.js:367:15)

  console.log
    [Processing] Chunk complete ΓÇö total inserted so far: 1

      at VulnerabilityService.log [as _processSingleFile] (services/vulnerability_Service.js:535:17)

  console.log
    [Processing] File test.json: 1/1 vulnerabilities inserted (scanner: TestScanner)

      at VulnerabilityService.log [as _processSingleFile] (services/vulnerability_Service.js:563:15)

  console.log
    ≡ƒº¬ Setting up test environment...

      at Object.log (tests/setup.js:14:11)

  console.log
    [dotenv@17.2.3] injecting env (11) from .env -- tip: ≡ƒöÉ prevent committing .env to code: https://dotenvx.com/precommit

      at _log (node_modules/dotenv/lib/main.js:142:11)

  console.log
    [Processing] test.json: 1 findings normalized, inserting in chunks of 200

      at VulnerabilityService.log [as _processSingleFile] (services/vulnerability_Service.js:367:15)

  console.log
    [Processing] Chunk complete ΓÇö total inserted so far: 1

      at VulnerabilityService.log [as _processSingleFile] (services/vulnerability_Service.js:535:17)

  console.error
    Γ¥î [BatchProcessor] File 7 (scan-results.json) failed: Invalid JSON format

    [0m [90m 142 |[39m         [36mconst[39m errMsg [33m=[39m error[33m.[39mmessage [33m||[39m [33mString[39m(error)[33m;[39m
     [90m 143 |[39m         [36mawait[39m updateFileStatus(file[33m.[39mid[33m,[39m [32m'failed'[39m[33m,[39m { error_message[33m:[39m errMsg[33m.[39msubstring([35m0[39m[33m,[39m [35m500[39m) })[33m;[39m
    [31m[1m>[22m[39m[90m 144 |[39m         console[33m.[39merror([32m`Γ¥î [BatchProcessor] File ${file.id} (${file.filename}) failed: ${errMsg}`[39m)[33m;[39m
     [90m     |[39m                 [31m[1m^[22m[39m
     [90m 145 |[39m         [36mreturn[39m { success[33m:[39m [36mfalse[39m[33m,[39m findings[33m:[39m [][33m,[39m error[33m:[39m errMsg }[33m;[39m
     [90m 146 |[39m     }
     [90m 147 |[39m }[0m

      at error (services/batchProcessor.js:144:17)
      at Object.<anonymous> (tests/batchProcessing.test.js:153:28)

  console.log
    [Processing] File test.json: 1/1 vulnerabilities inserted (scanner: TestScanner)

      at VulnerabilityService.log [as _processSingleFile] (services/vulnerability_Service.js:563:15)

  console.log
    ≡ƒº¬ Setting up test environment...

      at Object.log (tests/setup.js:14:11)

  console.log
    [Processing] test.json: 1 findings normalized, inserting in chunks of 200

      at VulnerabilityService.log [as _processSingleFile] (services/vulnerability_Service.js:367:15)

  console.error
    Γ¥î [BatchProcessor] File 1 (scan-results.json) failed: Parser crash

    [0m [90m 142 |[39m         [36mconst[39m errMsg [33m=[39m error[33m.[39mmessage [33m||[39m [33mString[39m(error)[33m;[39m
     [90m 143 |[39m         [36mawait[39m updateFileStatus(file[33m.[39mid[33m,[39m [32m'failed'[39m[33m,[39m { error_message[33m:[39m errMsg[33m.[39msubstring([35m0[39m[33m,[39m [35m500[39m) })[33m;[39m
    [31m[1m>[22m[39m[90m 144 |[39m         console[33m.[39merror([32m`Γ¥î [BatchProcessor] File ${file.id} (${file.filename}) failed: ${errMsg}`[39m)[33m;[39m
     [90m     |[39m                 [31m[1m^[22m[39m
     [90m 145 |[39m         [36mreturn[39m { success[33m:[39m [36mfalse[39m[33m,[39m findings[33m:[39m [][33m,[39m error[33m:[39m errMsg }[33m;[39m
     [90m 146 |[39m     }
     [90m 147 |[39m }[0m

      at error (services/batchProcessor.js:144:17)
      at Object.<anonymous> (tests/batchProcessing.test.js:168:28)

  console.log
    [Processing] Chunk complete ΓÇö total inserted so far: 1

      at VulnerabilityService.log [as _processSingleFile] (services/vulnerability_Service.js:535:17)

  console.log
    ≡ƒº╣ Cleaning up test environment...

      at Object.log (tests/setup.js:19:11)

  console.log
    [Processing] File test.json: 1/1 vulnerabilities inserted (scanner: TestScanner)

      at VulnerabilityService.log [as _processSingleFile] (services/vulnerability_Service.js:563:15)

  console.log
    [BatchProcessor] Correlated 2 findings ΓåÆ 1 unique vulnerabilities

      at log (services/batchProcessor.js:239:13)

  console.log
    
    [BatchProcessor] Starting batch 1...

      at log (services/batchProcessor.js:285:13)

  console.log
    Γ£ô [BatchProcessor] File file1.json: parsed 1 findings

      at log (services/batchProcessor.js:138:17)
          at async Promise.allSettled (index 0)

  console.log
    [BatchProcessor] Correlated 1 findings ΓåÆ 1 unique vulnerabilities

      at log (services/batchProcessor.js:239:13)

  console.log
    ≡ƒº¬ Setting up test environment...

      at Object.log (tests/setup.js:14:11)

  console.log
    
    Γ£ô [BatchProcessor] Batch 1 completed in 0.0s: {
      upload_id: 1,
      status: 'completed',
      total_files: 1,
      files_processed: 1,
      files_failed: 0,
      total_findings: 1,
      vulnerabilities_found: 1,
      elapsed_seconds: 0
    }

      at log (services/batchProcessor.js:354:17)

  console.log
    ≡ƒº¬ Setting up test environment...

      at Object.log (tests/setup.js:14:11)

  console.log
    
    [BatchProcessor] Starting batch 1...

      at log (services/batchProcessor.js:285:13)

  console.log
    ≡ƒöì Testing NVIDIA API connection...

      at Object.log (tests/aiService.quick.test.js:16:13)

  console.log
    ≡ƒº╣ Cleaning up test environment...

      at Object.log (tests/setup.js:19:11)

  console.log
    [dotenv@17.2.3] injecting env (11) from .env -- tip: ≡ƒ¢á∩╕Å  run anywhere with `dotenvx run -- yourcommand`

      at _log (node_modules/dotenv/lib/main.js:142:11)

  console.error
    Γ¥î [BatchProcessor] File 1 (scan-results.json) failed: Corrupt file

    [0m [90m 142 |[39m         [36mconst[39m errMsg [33m=[39m error[33m.[39mmessage [33m||[39m [33mString[39m(error)[33m;[39m
     [90m 143 |[39m         [36mawait[39m updateFileStatus(file[33m.[39mid[33m,[39m [32m'failed'[39m[33m,[39m { error_message[33m:[39m errMsg[33m.[39msubstring([35m0[39m[33m,[39m [35m500[39m) })[33m;[39m
    [31m[1m>[22m[39m[90m 144 |[39m         console[33m.[39merror([32m`Γ¥î [BatchProcessor] File ${file.id} (${file.filename}) failed: ${errMsg}`[39m)[33m;[39m
     [90m     |[39m                 [31m[1m^[22m[39m
     [90m 145 |[39m         [36mreturn[39m { success[33m:[39m [36mfalse[39m[33m,[39m findings[33m:[39m [][33m,[39m error[33m:[39m errMsg }[33m;[39m
     [90m 146 |[39m     }
     [90m 147 |[39m }[0m

      at error (services/batchProcessor.js:144:17)
          at async Promise.allSettled (index 0)
      at processBatch (services/batchProcessor.js:313:29)
      at Object.<anonymous> (tests/batchProcessing.test.js:236:28)

  console.log
    
    Γ£ô [BatchProcessor] Batch 1 failed in 0.0s: {
      upload_id: 1,
      status: 'failed',
      total_files: 1,
      files_processed: 0,
      files_failed: 1,
      total_findings: 0,
      vulnerabilities_found: 0,
      elapsed_seconds: 0
    }

      at log (services/batchProcessor.js:354:17)

  console.log
    
    [BatchProcessor] Starting batch 1...

      at log (services/batchProcessor.js:285:13)

  console.log
    [dotenv@17.2.3] injecting env (11) from .env -- tip: ΓÜÖ∩╕Å  load multiple .env files with { path: ['.env.local', '.env'] }

      at _log (node_modules/dotenv/lib/main.js:142:11)

  console.error
    Γ¥î [BatchProcessor] File 1 (bad.json) failed: File 1 corrupt

    [0m [90m 142 |[39m         [36mconst[39m errMsg [33m=[39m error[33m.[39mmessage [33m||[39m [33mString[39m(error)[33m;[39m
     [90m 143 |[39m         [36mawait[39m updateFileStatus(file[33m.[39mid[33m,[39m [32m'failed'[39m[33m,[39m { error_message[33m:[39m errMsg[33m.[39msubstring([35m0[39m[33m,[39m [35m500[39m) })[33m;[39m
    [31m[1m>[22m[39m[90m 144 |[39m         console[33m.[39merror([32m`Γ¥î [BatchProcessor] File ${file.id} (${file.filename}) failed: ${errMsg}`[39m)[33m;[39m
     [90m     |[39m                 [31m[1m^[22m[39m
     [90m 145 |[39m         [36mreturn[39m { success[33m:[39m [36mfalse[39m[33m,[39m findings[33m:[39m [][33m,[39m error[33m:[39m errMsg }[33m;[39m
     [90m 146 |[39m     }
     [90m 147 |[39m }[0m

      at error (services/batchProcessor.js:144:17)
          at async Promise.allSettled (index 0)
      at processBatch (services/batchProcessor.js:313:29)
      at Object.<anonymous> (tests/batchProcessing.test.js:257:28)

  console.log
    [dotenv@17.2.3] injecting env (0) from .env -- tip: ΓÜÖ∩╕Å  write to custom object with { processEnv: myObject }

      at _log (node_modules/dotenv/lib/main.js:142:11)

  console.log
    ≡ƒº╣ Cleaning up test environment...

      at Object.log (tests/setup.js:19:11)

  console.log
    Γ£ô [BatchProcessor] File good.json: parsed 1 findings

      at log (services/batchProcessor.js:138:17)
          at async Promise.allSettled (index 1)

  console.log
    [BatchProcessor] Correlated 1 findings ΓåÆ 1 unique vulnerabilities

      at log (services/batchProcessor.js:239:13)

  console.log
    
    Γ£ô [BatchProcessor] Batch 1 completed in 0.0s: {
      upload_id: 1,
      status: 'completed',
      total_files: 2,
      files_processed: 1,
      files_failed: 1,
      total_findings: 1,
      vulnerabilities_found: 1,
      elapsed_seconds: 0
    }

      at log (services/batchProcessor.js:354:17)

  console.log
    ≡ƒº¬ Setting up test environment...

      at Object.log (tests/setup.js:14:11)

  console.log
    ≡ƒº¬ Setting up test environment...

      at Object.log (tests/setup.js:14:11)

  console.log
    
    [BatchProcessor] Starting batch 1...

      at log (services/batchProcessor.js:285:13)

  console.log
    
    [BatchProcessor] Starting batch 1...

      at log (services/batchProcessor.js:285:13)

  console.log
    Γ£ô [BatchProcessor] File scan-results.json: parsed 1 findings

      at log (services/batchProcessor.js:138:17)
          at async Promise.allSettled (index 0)

  console.log
    [BatchProcessor] Correlated 1 findings ΓåÆ 1 unique vulnerabilities

      at log (services/batchProcessor.js:239:13)

  console.log
    JWT_SECRET from env: demo_jwt_secret_key_for_cyberpal_testing_12345678901234567890

      at Object.log (tests/auth-debug.test.js:11:13)

  console.log
    ≡ƒº╣ Cleaning up test environment...

      at Object.log (tests/setup.js:19:11)

node.exe : FAIL tests/cve/vulnerability_service_cve.test.js
At line:1 char:1
+ & "C:\installed app/node.exe" "C:\installed app/node_modules/npm/bin/ ...
+ ~~~~~~~~~~~~~~~~~~~~~~~~~~~~~~~~~~~~~~~~~~~~~~~~~~~~~~~~~~~~~~~~~~~~~
    + CategoryInfo          : NotSpecified: (FAIL tests/cve/...ice_cve.test.js:String) [], RemoteException
    + FullyQualifiedErrorId : NativeCommandError
 
  vulnerability_Service CVE integration
    ΓêÜ enriches finding with CVE fields when getCveById returns a valid record (57 ms)
    ΓêÜ sets cve_unverified: true and omits cve_id when getCveById returns null (10 ms)
    ΓêÜ skips CVE validation and logs warning when local CVE store is empty (16 ms)
    ΓêÜ continues without CVE enrichment and does not throw when getCveById throws a DB error (37 ms)
    ├ù does not call getCveById when the finding has no cve_id (22 ms)

  ΓùÅ vulnerability_Service CVE integration ΓÇ║ does not call getCveById when the finding has no cve_id

    expect(jest.fn()).not.toHaveBeenCalled()

    Expected number of calls: 0
    Received number of calls: 1

    1: called with 0 arguments

    [0m [90m 276 |[39m     [36mawait[39m 
[33mVulnerabilityService[39m[33m.[39m_processSingleFile(client[33m,[39m makeFile()[33m,[39m 
makeBatch())[33m;[39m
     [90m 277 |[39m
    [31m[1m>[22m[39m[90m 278 |[39m     expect(getCveCount)[33m.[39mnot[33m.[39mtoHaveBeenCalled()[33m;[39m
     [90m     |[39m                             [31m[1m^[22m[39m
     [90m 279 |[39m     expect(getCveById)[33m.[39mnot[33m.[39mtoHaveBeenCalled()[33m;[39m
     [90m 280 |[39m   })[33m;[39m
     [90m 281 |[39m })[33m;[39m[0m

      at Object.toHaveBeenCalled (tests/cve/vulnerability_service_cve.test.js:278:29)

  console.log
    
    Γ£ô [BatchProcessor] Batch 1 completed in 0.0s: {
      upload_id: 1,
      status: 'completed',
      total_files: 1,
      files_processed: 1,
      files_failed: 0,
      total_findings: 1,
      vulnerabilities_found: 1,
      elapsed_seconds: 0
    }

      at log (services/batchProcessor.js:354:17)

  console.log
    
    [BatchProcessor] Starting batch 1...

      at log (services/batchProcessor.js:285:13)

  console.log
    Γ£ô [BatchProcessor] File scan-results.json: parsed 1 findings

      at log (services/batchProcessor.js:138:17)
          at async Promise.allSettled (index 0)

  console.log
    Γ£ô [BatchProcessor] File scan-results.json: parsed 1 findings

      at log (services/batchProcessor.js:138:17)
          at async Promise.allSettled (index 1)

  console.log
    [BatchProcessor] Correlated 2 findings ΓåÆ 1 unique vulnerabilities

      at log (services/batchProcessor.js:239:13)

  console.log
    
    Γ£ô [BatchProcessor] Batch 1 completed in 0.0s: {
      upload_id: 1,
      status: 'completed',
      total_files: 2,
      files_processed: 2,
      files_failed: 0,
      total_findings: 2,
      vulnerabilities_found: 1,
      elapsed_seconds: 0
    }

      at log (services/batchProcessor.js:354:17)

  console.log
    ≡ƒº╣ Cleaning up test environment...

      at Object.log (tests/setup.js:19:11)

  console.log
    Generated token: eyJhbGciOiJIUzI1NiIsInR5cCI6IkpXVCJ9.eyJzdWIiOjEsI...

      at Object.log (tests/auth-debug.test.js:18:13)

  console.log
    Decoded token: {
      sub: 1,
      userId: 1,
      email: 'dept_admin@test.com',
      role: 'dept_admin',
      sector: 'public',
      company_id: null,
      department_id: 1,
      iat: 1776182772,
      exp: 1776186372
    }

      at Object.log (tests/auth-debug.test.js:22:13)

  console.log
    User object: {
      id: 1,
      email: 'dept_admin@test.com',
      role: 'dept_admin',
      sector: 'public',
      company_id: null,
      department_id: 1,
      companyId: null,
      departmentId: 1,
      token: 'eyJhbGciOiJIUzI1NiIsInR5cCI6IkpXVCJ9.eyJzdWIiOjEsInVzZXJJZCI6MSwiZW1haWwiOiJkZXB0X2FkbWluQHRlc3QuY29tIiwicm9sZSI6ImRlcHRfYWRtaW4iLCJzZWN0b3IiOiJwdWJsaWMiLCJjb21wYW55X2lkIjpudWxsLCJkZXBhcnRtZW50X2lkIjoxLCJpYXQiOjE3NzYxODI3NzIsImV4cCI6MTc3NjE4NjM3Mn0.SNmTJSduPH99TevRGgfNwodtDFzbH17lm5sK5UYnNMs'
    }

      at Object.log (tests/auth-debug.test.js:30:13)

  console.log
    ≡ƒº╣ Cleaning up test environment...

      at Object.log (tests/setup.js:19:11)

  console.error
    Γ¥î Error parsing invalid_scanner file: Failed to parse JSON file: Could not determine scanner type from JSON structure

    [0m [90m 116 |[39m
     [90m 117 |[39m   } [36mcatch[39m (error) {
PASS tests/batchProcessing.test.js
  Batch Processing Pipeline
    processFile()
      ΓêÜ should process a file successfully and return findings (49 ms)
      ΓêÜ should inject tenant context into findings (6 ms)
      ΓêÜ should update file status to processing then done (4 ms)
      ΓêÜ should update file status to failed on parse error (36 ms)
      ΓêÜ should return empty findings array on failure without throwing (23 ms)
    correlateAndScore()
      ΓêÜ should return 0 for empty findings (2 ms)
      ΓêÜ should correlate findings and call upsert for each correlated vuln (6 ms)
    processBatch()
      ΓêÜ should update batch status from processing to completed (11 ms)
      ΓêÜ should mark batch as failed when ALL files fail (30 ms)
      ΓêÜ Task 11.2: one file fails but others continue processing (25 ms)
      ΓêÜ should return 0 vulnerabilities if no files found (3 ms)
      ΓêÜ should count elapsed time in result (32 ms)
      ΓêÜ Task 11.3: cross-file correlation happens AFTER all files processed (12 ms)

PASS tests/cve/cve_lookup_service.test.js
  getCveById ΓÇö unit tests
    ΓêÜ returns full CVE record with metrics and references for a valid existing ID (19 ms)
    ΓêÜ returns null for a valid-format CVE ID that does not exist in the store (2 ms)
    ΓêÜ returns null for invalid CVE pattern without querying the DB (2 ms)
    ΓêÜ returns null for empty string without querying the DB (5 ms)
    ΓêÜ returns null for null input without querying the DB (5 ms)
    ΓêÜ returns null and logs console.warn on DB error (11 ms)
    ΓêÜ returned record includes all required CVE_Record fields (7 ms)
  getSyncState ΓÇö unit tests
    ΓêÜ sets stale: true when last_sync_at is more than 4 hours ago (4 ms)
    ΓêÜ does NOT set stale: true when last_sync_at is 1 hour ago (1 ms)
    ΓêÜ sets needs_initial_import: true when total_cves_synced is 0 (1 ms)
    ΓêÜ does NOT set needs_initial_import when total_cves_synced > 0 (1 ms)
    ΓêÜ returns { stale: true, needs_initial_import: true } on DB error (2 ms)
    ΓêÜ sets stale: true when last_sync_at is null (1 ms)
  searchCvesByKeyword ΓÇö unit tests
    ΓêÜ queries with ILIKE and returns matching rows (2 ms)
    ΓêÜ uses default limit of 20
    [31m[1m>[22m[39m[90m 118 |[39m     console[33m.[39merror([32m`Γ¥î Error parsing ${scannerType} file:`[39m[33m,[39m error[33m.[39mmessage)[33m;[39m
     [90m     |[39m             [31m[1m^[22m[39m
     [90m 119 |[39m     [36mthrow[39m [36mnew[39m [33mError[39m([32m`Failed to parse ${scannerType} file: ${error.message}`[39m)[33m;[39m
     [90m 120 |[39m   }
     [90m 121 |[39m }[0m

      at error (parsers/parserEngine.js:118:13)
      at Object.<anonymous> (tests/parsers.test.js:287:7)

  console.log
    ≡ƒº¬ Setting up test environment...

      at Object.log (tests/setup.js:14:11)

  console.warn
    [fetchWithRetry] 429 Too Many Requests ΓÇö waiting 30s (attempt 1/3)

    [0m [90m 207 |[39m       [36mif[39m (response[33m.[39mstatus [33m===[39m [35m429[39m) {
     [90m 208 |[39m         [36mif[39m (attempt [33m<[39m [33mMAX_RETRIES[39m) {
    [31m[1m>[22m[39m[90m 209 |[39m           console[33m.[39mwarn([32m`[fetchWithRetry] 429 Too Many Requests ΓÇö waiting 30s (attempt ${attempt + 1}/${MAX_RETRIES})`[39m)[33m;[39m
     [90m     |[39m                   [31m[1m^[22m[39m
     [90m 210 |[39m           [36mawait[39m sleep([35m30000[39m)[33m;[39m
     [90m 211 |[39m           [36mcontinue[39m[33m;[39m
     [90m 212 |[39m         }[0m

      at warn (services/cve_importer.js:209:19)
      at Object.<anonymous> (tests/cve/cve_importer.test.js:299:22)

  console.warn
    [fetchWithRetry] 429 Too Many Requests ΓÇö waiting 30s (attempt 2/3)

    [0m [90m 207 |[39m       [36mif[39m (response[33m.[39mstatus [33m===[39m [35m429[39m) {
     [90m 208 |[39m         [36mif[39m (attempt [33m<[39m [33mMAX_RETRIES[39m) {
    [31m[1m>[22m[39m[90m 209 |[39m           console[33m.[39mwarn([32m`[fetchWithRetry] 429 Too Many Requests ΓÇö waiting 30s (attempt ${attempt + 1}/${MAX_RETRIES})`[39m)[33m;[39m
     [90m     |[39m                   [31m[1m^[22m[39m
     [90m 210 |[39m           [36mawait[39m sleep([35m30000[39m)[33m;[39m
     [90m 211 |[39m           [36mcontinue[39m[33m;[39m
     [90m 212 |[39m         }[0m

      at warn (services/cve_importer.js:209:19)
      at Object.<anonymous> (tests/cve/cve_importer.test.js:299:22)

  console.log
    ≡ƒº╣ Cleaning up test environment...

      at Object.log (tests/setup.js:19:11)

  console.warn
    [fetchWithRetry] 429 Too Many Requests ΓÇö waiting 30s (attempt 3/3)

    [0m [90m 207 |[39m       [36mif[39m (response[33m.[39mstatus [33m===[39m [35m429[39m) {
     [90m 208 |[39m         [36mif[39m (attempt [33m<[39m [33mMAX_RETRIES[39m) {
    [31m[1m>[22m[39m[90m 209 |[39m           console[33m.[39mwarn([32m`[fetchWithRetry] 429 Too Many Requests ΓÇö waiting 30s (attempt ${attempt + 1}/${MAX_RETRIES})`[39m)[33m;[39m
     [90m     |[39m                   [31m[1m^[22m[39m
     [90m 210 |[39m           [36mawait[39m sleep([35m30000[39m)[33m;[39m
     [90m 211 |[39m           [36mcontinue[39m[33m;[39m
     [90m 212 |[39m         }[0m

      at warn (services/cve_importer.js:209:19)
      at Object.<anonymous> (tests/cve/cve_importer.test.js:299:22)

    ΓêÜ respects custom limit parameter (2 ms)
    ΓêÜ returns empty array on DB error (2 ms)
  getCveCount ΓÇö unit tests
    ΓêÜ returns count as a number (1 ms)
    ΓêÜ returns 0 on DB error (1 ms)
    ΓêÜ queries vuln.cves with COUNT(*) (1 ms)
  Property 6: getCveById round-trip ΓÇö cve_id identity
    ΓêÜ Property 6: getCveById returns cve_id matching the stored value exactly (95 ms)
  Property 7: CVSS base_score round-trip precision
    ΓêÜ Property 7: getCveById returns base_score within 0.01 of the stored value (39 ms)

PASS tests/cve/cve_normalizer.test.js
  isValidCveId
    ΓêÜ accepts standard 5-digit CVE ID (10 ms)
    ΓêÜ accepts 4-digit suffix (minimum) (2 ms)
    ΓêÜ accepts 7-digit suffix (maximum) (4 ms)
    ΓêÜ accepts lowercase input (trims and uppercases) (5 ms)
    ΓêÜ accepts input with surrounding whitespace (1 ms)
    ΓêÜ rejects wrong prefix (2 ms)
    ΓêÜ rejects 3-digit suffix (too short) (1 ms)
    ΓêÜ rejects 8-digit suffix (too long) (2 ms)
    ΓêÜ rejects null (1 ms)
    ΓêÜ rejects empty string (3 ms)
    ΓêÜ rejects non-string
    ΓêÜ rejects missing year separator (1 ms)
  normalizeCveId
    ΓêÜ returns uppercase CVE ID for valid input (1 ms)
    ΓêÜ trims whitespace (1 ms)
    ΓêÜ returns null for invalid format (1 ms)
    ΓêÜ returns null for null input
    ΓêÜ returns null for empty string (3 ms)
    ΓêÜ returns null for non-string
  extractEnglishDescription
    ΓêÜ returns value for lang=en (3 ms)
    ΓêÜ returns value for lang=en-US (1 ms)
    ΓêÜ prefers first matching entry
    ΓêÜ returns null when no English entry (2 ms)
    ΓêÜ returns null for empty array
    ΓêÜ returns null for non-array (3 ms)
  extractMetrics ΓÇö file source
    ΓêÜ extracts cvssV3_1 from file format (8 ms)
    ΓêÜ extracts cvssV2 from file format (1 ms)
    ΓêÜ stores null for base_score outside 0ΓÇô10 (1 ms)
    ΓêÜ stores null for negative base_score (1 ms)
    ΓêÜ returns empty array for null metricsBlock (1 ms)
    ΓêÜ returns empty array for empty array (3 ms)
  extractMetrics ΓÇö api source
    ΓêÜ extracts cvssMetricV31 from API format (1 ms)
    ΓêÜ NVD source takes priority over CNA source for same version (3 ms)
    ΓêÜ CNA source is used when no NVD source present (1 ms)
    ΓêÜ handles multiple CVSS versions (6 ms)
    ΓêÜ returns empty array for null metricsBlock (1 ms)
  extractReferences
    ΓêÜ maps url, source, tags (4 ms)
    ΓêÜ truncates URL to 2048 chars (1 ms)
    ΓêÜ filters out entries with empty URL (1 ms)
    ΓêÜ filters out entries with missing URL
    ΓêÜ defaults tags to empty array when missing (6 ms)
    ΓêÜ defaults source to null when missing (1 ms)
    ΓêÜ returns empty array for non-array input (1 ms)
  parseTimestamp
    ΓêÜ parses valid ISO 8601 string (3 ms)
    ΓêÜ parses date-only string (1 ms)
    ΓêÜ returns null for null input (1 ms)
    ΓêÜ returns null for undefined input (1 ms)
    ΓêÜ returns null for invalid date string
    ΓêÜ returns null for empty string (1 ms)
  normalizeFromFile
    ΓêÜ extracts cve_id correctly (1 ms)
    ΓêÜ extracts description (1 ms)
    ΓêÜ extracts published_at
    ΓêÜ extracts last_modified_at (1 ms)
    ΓêÜ extracts vuln_status (1 ms)
  console.error
    Γ¥î Error parsing owasp_zap file: Failed to parse JSON file: ENOENT: no such file or directory, open 'c:\nonexistent\file.json'

    [0m [90m 116 |[39m
     [90m 117 |[39m   } [36mcatch[39m (error) {
    [31m[1m>[22m[39m[90m 118 |[39m     console[33m.[39merror([32m`Γ¥î Error parsing ${scannerType} file:`[39m[33m,[39m error[33m.[39mmessage)[33m;[39m
     [90m     |[39m             [31m[1m^[22m[39m
     [90m 119 |[39m     [36mthrow[39m [36mnew[39m [33mError[39m([32m`Failed to parse ${scannerType} file: ${error.message}`[39m)[33m;[39m
     [90m 120 |[39m   }
     [90m 121 |[39m }[0m

      at error (parsers/parserEngine.js:118:13)
      at Object.<anonymous> (tests/parsers.test.js:291:7)

  console.log
    ≡ƒº╣ Cleaning up test environment...

      at Object.log (tests/setup.js:19:11)

  console.warn
    [fetchWithRetry] 503 Service Unavailable ΓÇö waiting 60s (attempt 1/3)

    [0m [90m 216 |[39m       [36mif[39m (response[33m.[39mstatus [33m===[39m [35m503[39m) {
     [90m 217 |[39m         [36mif[39m (attempt [33m<[39m [33mMAX_RETRIES[39m) {
    [31m[1m>[22m[39m[90m 218 |[39m           console[33m.[39mwarn([32m`[fetchWithRetry] 503 Service Unavailable ΓÇö waiting 60s (attempt ${attempt + 1}/${MAX_RETRIES})`[39m)[33m;[39m
     [90m     |[39m                   [31m[1m^[22m[39m
     [90m 219 |[39m           [36mawait[39m sleep([35m60000[39m)[33m;[39m
     [90m 220 |[39m           [36mcontinue[39m[33m;[39m
     [90m 221 |[39m         }[0m

      at warn (services/cve_importer.js:218:19)
      at Object.<anonymous> (tests/cve/cve_importer.test.js:312:22)

  console.log
    [dotenv@17.2.3] injecting env (11) from .env -- tip: Γ£à audit secrets and track compliance: https://dotenvx.com/ops

      at _log (node_modules/dotenv/lib/main.js:142:11)

  console.error
    Γ¥î Error parsing owasp_zap file: Invalid ZAP JSON format: Unexpected token 'T', "This is a "... is not valid JSON

    [0m [90m 116 |[39m
     [90m 117 |[39m   } [36mcatch[39m (error) {
    [31m[1m>[22m[39m[90m 118 |[39m     console[33m.[39merror([32m`Γ¥î Error parsing ${scannerType} file:`[39m[33m,[39m error[33m.[39mmessage)[33m;[39m
     [90m     |[39m             [31m[1m^[22m[39m
     [90m 119 |[39m     [36mthrow[39m [36mnew[39m [33mError[39m([32m`Failed to parse ${scannerType} file: ${error.message}`[39m)[33m;[39m
     [90m 120 |[39m   }
     [90m 121 |[39m }[0m

      at error (parsers/parserEngine.js:118:13)
      at Object.<anonymous> (tests/parsers.test.js:297:7)

  console.log
    ≡ƒº╣ Cleaning up test environment...

      at Object.log (tests/setup.js:19:11)

  console.log
    [dotenv@17.2.3] injecting env (11) from .env -- tip: ΓÜÖ∩╕Å  write to custom object with { processEnv: myObject }

      at _log (node_modules/dotenv/lib/main.js:142:11)

  console.log
    [dotenv@17.2.3] injecting env (11) from .env -- tip: ≡ƒöÉ encrypt with Dotenvx: https://dotenvx.com

      at _log (node_modules/dotenv/lib/main.js:142:11)

  console.log
    ≡ƒº╣ Cleaning up test environment...

      at Object.log (tests/setup.js:19:11)

  console.log
    [dotenv@17.2.3] injecting env (0) from .env -- tip: ΓÜÖ∩╕Å  suppress all logs with { quiet: true }

      at _log (node_modules/dotenv/lib/main.js:142:11)

  console.log
    [dotenv@17.2.3] injecting env (11) from .env -- tip: ≡ƒöä add secrets lifecycle management: https://dotenvx.com/ops

      at _log (node_modules/dotenv/lib/main.js:142:11)
    ΓêÜ extracts metrics (1 ms)
    ΓêÜ extracts references (1 ms)
    ΓêÜ returns null for invalid cve_id (1 ms)
    ΓêÜ returns null for null input
    ΓêÜ handles missing metrics gracefully (1 ms)
    ΓêÜ collects metrics from adp containers (1 ms)
  normalizeFromApi
    ΓêÜ extracts cve_id correctly (1 ms)
    ΓêÜ extracts description (1 ms)
    ΓêÜ extracts published_at (1 ms)
    ΓêÜ extracts last_modified_at (2 ms)
    ΓêÜ extracts vuln_status
    ΓêÜ extracts metrics with NVD priority
    ΓêÜ extracts references (1 ms)
    ΓêÜ returns null for invalid cve_id (1 ms)
    ΓêÜ returns null for null input (1 ms)
    ΓêÜ NVD-source score takes priority over CNA-source (1 ms)
    ΓêÜ null description when no English entry (1 ms)
  Property 1: normalizeCveId idempotence
    ΓêÜ normalizeCveId is idempotent for any string (19 ms)
    ΓêÜ normalizeCveId is idempotent for valid CVE-like strings (2 ms)
  Property 2: base_score validation range
    ΓêÜ scores outside [0.0, 10.0] are stored as null (8 ms)
    ΓêÜ scores inside [0.0, 10.0] are preserved within 0.01 precision (4 ms)
  Property 3: round-trip description extraction
    ΓêÜ returns English entry value unchanged when present (36 ms)
    ΓêÜ returns null when no English entry exists (18 ms)
  Property 4: reference URL truncation
    ΓêÜ stored URL is at most 2048 characters for any input URL (5 ms)
    ΓêÜ URLs already within 2048 chars are not modified (2 ms)


  console.log
    ≡ƒº¬ Setting up test environment...

      at Object.log (tests/setup.js:14:11)

  console.log
    ≡ƒº╣ Cleaning up test environment...

      at Object.log (tests/setup.js:19:11)

  console.log
    [dotenv@17.2.3] injecting env (11) from .env -- tip: ≡ƒ¢á∩╕Å  run anywhere with `dotenvx run -- yourcommand`

      at _log (node_modules/dotenv/lib/main.js:142:11)

  console.log
    ≡ƒº¬ Setting up test environment...

      at Object.log (tests/setup.js:14:11)

  console.warn
    [RiskScoring] EPSS API unavailable for CVE-2021-0003: Connection refused

    [0m [90m 129 |[39m     } [36mcatch[39m (err) {
     [90m 130 |[39m         [90m// Requirement 12.5, 12.6: Handle API failures gracefully[39m
    [31m[1m>[22m[39m[90m 131 |[39m         console[33m.[39mwarn([32m`[RiskScoring] EPSS API unavailable for ${cveNorm}: ${err.message}`[39m)[33m;[39m
     [90m     |[39m                 [31m[1m^[22m[39m
     [90m 132 |[39m         [36mreturn[39m [35m0[39m[33m;[39m
     [90m 133 |[39m     }
     [90m 134 |[39m }[0m

      at warn (services/riskScoringEngine.js:131:17)
          at async Promise.all (index 0)
      at calculateRiskScore (services/riskScoringEngine.js:265:36)
      at Object.<anonymous> (tests/riskScoring.test.js:295:27)

  console.warn
    [RiskScoring] CISA KEV API unavailable: Connection refused

    [0m [90m 163 |[39m         [36mreturn[39m cveSet[33m;[39m
     [90m 164 |[39m     } [36mcatch[39m (err) {
    [31m[1m>[22m[39m[90m 165 |[39m         console[33m.[39mwarn([32m`[RiskScoring] CISA KEV API unavailable: ${err.message}`[39m)[33m;[39m
     [90m     |[39m                 [31m[1m^[22m[39m
     [90m 166 |[39m         [36mreturn[39m [36mnull[39m[33m;[39m
     [90m 167 |[39m     }
     [90m 168 |[39m }[0m

      at warn (services/riskScoringEngine.js:165:17)
      at checkCisaKev (services/riskScoringEngine.js:188:20)
          at async Promise.all (index 1)
      at calculateRiskScore (services/riskScoringEngine.js:265:36)
      at Object.<anonymous> (tests/riskScoring.test.js:295:27)

  console.log
    ≡ƒº╣ Cleaning up test environment...

      at Object.log (tests/setup.js:19:11)

  console.log
    [dotenv@17.2.3] injecting env (11) from .env -- tip: ΓÜÖ∩╕Å  write to custom object with { processEnv: myObject }

      at _log (node_modules/dotenv/lib/main.js:142:11)

  console.log
    ≡ƒº¬ Setting up test environment...

      at Object.log (tests/setup.js:14:11)

  console.log
    ≡ƒº╣ Cleaning up test environment...

      at Object.log (tests/setup.js:19:11)

  console.warn
    [fetchWithRetry] 503 Service Unavailable ΓÇö waiting 60s (attempt 2/3)

    [0m [90m 216 |[39m       [36mif[39m (response[33m.[39mstatus [33m===[39m [35m503[39m) {
     [90m 217 |[39m         [36mif[39m (attempt [33m<[39m [33mMAX_RETRIES[39m) {
    [31m[1m>[22m[39m[90m 218 |[39m           console[33m.[39mwarn([32m`[fetchWithRetry] 503 Service Unavailable ΓÇö waiting 60s (attempt ${attempt + 1}/${MAX_RETRIES})`[39m)[33m;[39m
     [90m     |[39m                   [31m[1m^[22m[39m
     [90m 219 |[39m           [36mawait[39m sleep([35m60000[39m)[33m;[39m
     [90m 220 |[39m           [36mcontinue[39m[33m;[39m
     [90m 221 |[39m         }[0m

PASS tests/middleware.test.js
  Tenant Isolation Middleware
    getTenantContextFromUser()
      ΓêÜ dept_admin returns public sector with department_id (20 ms)
      ΓêÜ cdt_admin returns private sector with company_id (6 ms)
      ΓêÜ cdt_admin uses companyId fallback (1 ms)
      ΓêÜ super_admin returns null for all tenant fields (2 ms)
      ΓêÜ cdt_admin without company_id throws error (28 ms)
      ΓêÜ dept_admin without department_id throws error (3 ms)
      ΓêÜ unknown role throws error (3 ms)
    resourceBelongsToTenant()
      ΓêÜ super_admin can access any resource (1 ms)
      ΓêÜ dept_admin can access own department resource (1 ms)
      ΓêÜ dept_admin cannot access other department resource (1 ms)
      ΓêÜ cdt_admin can access own company resource (1 ms)
      ΓêÜ cdt_admin cannot access other company resource (1 ms)
      ΓêÜ sector mismatch blocks access
  Rate Limiting Middleware
    ΓêÜ allows requests within limit (1 ms)
    ΓêÜ blocks when limit exceeded (1 ms)
    ΓêÜ remaining count decrements correctly (2 ms)
    ΓêÜ different keys are independent (1 ms)
    ΓêÜ returns resetAfterMs > 0 when limit exceeded (1 ms)
    ΓêÜ windows slide - old requests expire (169 ms)

PASS tests/auth-debug.test.js
  Auth Debug
    ΓêÜ should verify JWT_SECRET is loaded (15 ms)
    ΓêÜ should generate and verify token (17 ms)
    ΓêÜ should have correct user structure (17 ms)

PASS tests/correlation.test.js
  Correlation Engine
    Fingerprint Generation
      ΓêÜ should generate string fingerprint (12 ms)
      ΓêÜ should be deterministic - same input same output (1 ms)
      ΓêÜ ZAP: same pluginId + same host = same fingerprint (alert-level) (1 ms)
      ΓêÜ ZAP: different pluginId = different fingerprint (1 ms)
      ΓêÜ ZAP: different host = different fingerprint (2 ms)
      ΓêÜ non-ZAP: same asset + URL + title = same fingerprint (1 ms)
      ΓêÜ non-ZAP: different asset = different fingerprint (2 ms)
    Finding Clustering
      ΓêÜ should group ZAP 14 instances into 1 cluster (4 ms)
      at warn (services/cve_importer.js:218:19)
      at Object.<anonymous> (tests/cve/cve_importer.test.js:312:22)

  console.warn
    [fetchWithRetry] 503 Service Unavailable ΓÇö waiting 60s (attempt 3/3)

    [0m [90m 216 |[39m       [36mif[39m (response[33m.[39mstatus [33m===[39m [35m503[39m) {
     [90m 217 |[39m         [36mif[39m (attempt [33m<[39m [33mMAX_RETRIES[39m) {
    [31m[1m>[22m[39m[90m 218 |[39m           console[33m.[39mwarn([32m`[fetchWithRetry] 503 Service Unavailable ΓÇö waiting 60s (attempt ${attempt + 1}/${MAX_RETRIES})`[39m)[33m;[39m
     [90m     |[39m                   [31m[1m^[22m[39m
     [90m 219 |[39m           [36mawait[39m sleep([35m60000[39m)[33m;[39m
     [90m 220 |[39m           [36mcontinue[39m[33m;[39m
     [90m 221 |[39m         }[0m

      at warn (services/cve_importer.js:218:19)
      at Object.<anonymous> (tests/cve/cve_importer.test.js:312:22)

  console.warn
    [fetchWithRetry] 429 Too Many Requests ΓÇö waiting 30s (attempt 1/3)

    [0m [90m 207 |[39m       [36mif[39m (response[33m.[39mstatus [33m===[39m [35m429[39m) {
     [90m 208 |[39m         [36mif[39m (attempt [33m<[39m [33mMAX_RETRIES[39m) {
    [31m[1m>[22m[39m[90m 209 |[39m           console[33m.[39mwarn([32m`[fetchWithRetry] 429 Too Many Requests ΓÇö waiting 30s (attempt ${attempt + 1}/${MAX_RETRIES})`[39m)[33m;[39m
     [90m     |[39m                   [31m[1m^[22m[39m
     [90m 210 |[39m           [36mawait[39m sleep([35m30000[39m)[33m;[39m
     [90m 211 |[39m           [36mcontinue[39m[33m;[39m
     [90m 212 |[39m         }[0m

      at warn (services/cve_importer.js:209:19)
      at Object.<anonymous> (tests/cve/cve_importer.test.js:320:22)

  console.warn
    [fetchWithRetry] 429 Too Many Requests ΓÇö waiting 30s (attempt 2/3)

    [0m [90m 207 |[39m       [36mif[39m (response[33m.[39mstatus [33m===[39m [35m429[39m) {
     [90m 208 |[39m         [36mif[39m (attempt [33m<[39m [33mMAX_RETRIES[39m) {
    [31m[1m>[22m[39m[90m 209 |[39m           console[33m.[39mwarn([32m`[fetchWithRetry] 429 Too Many Requests ΓÇö waiting 30s (attempt ${attempt + 1}/${MAX_RETRIES})`[39m)[33m;[39m
     [90m     |[39m                   [31m[1m^[22m[39m
     [90m 210 |[39m           [36mawait[39m sleep([35m30000[39m)[33m;[39m
     [90m 211 |[39m           [36mcontinue[39m[33m;[39m
     [90m 212 |[39m         }[0m

      at warn (services/cve_importer.js:209:19)
      at Object.<anonymous> (tests/cve/cve_importer.test.js:320:22)

  console.warn
    [fetchWithRetry] 429 Too Many Requests ΓÇö waiting 30s (attempt 3/3)

    [0m [90m 207 |[39m       [36mif[39m (response[33m.[39mstatus [33m===[39m [35m429[39m) {
     [90m 208 |[39m         [36mif[39m (attempt [33m<[39m [33mMAX_RETRIES[39m) {
    [31m[1m>[22m[39m[90m 209 |[39m           console[33m.[39mwarn([32m`[fetchWithRetry] 429 Too Many Requests ΓÇö waiting 30s (attempt ${attempt + 1}/${MAX_RETRIES})`[39m)[33m;[39m
     [90m     |[39m                   [31m[1m^[22m[39m
     [90m 210 |[39m           [36mawait[39m sleep([35m30000[39m)[33m;[39m
     [90m 211 |[39m           [36mcontinue[39m[33m;[39m
     [90m 212 |[39m         }[0m

      at warn (services/cve_importer.js:209:19)
      at Object.<anonymous> (tests/cve/cve_importer.test.js:320:22)

  console.warn
    [fetchWithRetry] Network error ΓÇö retrying in 2s (attempt 1/3): Network error

    [0m [90m 228 |[39m       [36mif[39m (attempt [33m<[39m [33mMAX_RETRIES[39m) {
      ΓêÜ should create separate clusters for different ZAP alerts (2 ms)
      ΓêÜ should track all scanner names per cluster (non-ZAP scanners) (2 ms)
    Cluster Merging
      ΓêÜ should set tool_agreement_count = unique scanner count (3 ms)
      ΓêÜ should merge and deduplicate references (4 ms)
      ΓêÜ should use highest severity across findings (1 ms)
      ΓêÜ should calculate first_seen as earliest and last_seen as latest (2 ms)
      ΓêÜ should set seen_count = total findings in cluster (1 ms)
    Main correlate() Function
      ΓêÜ Property 5: No Finding Loss - all findings appear in output (1 ms)
      ΓêÜ ZAP: 14 instances of same alert ΓåÆ 1 correlated vulnerability (2 ms)
      ΓêÜ Multi-scanner: same vuln from 3 non-ZAP scanners ΓåÆ 1 correlated vulnerability (6 ms)
      ΓêÜ Property 2: Fingerprint Uniqueness within result set (1 ms)
      ΓêÜ Property 4: tool_agreement_count equals scanner_sources length (2 ms)
      ΓêÜ should handle empty array (1 ms)
      ΓêÜ should handle null input
      ΓêÜ should correlate single finding (3 ms)
      ΓêÜ should preserve CVE when present in any finding (2 ms)
      ΓêÜ should handle fingerprint collision gracefully (1 ms)

FAIL tests/parsers.test.js
  Parser Tests
    OWASP ZAP Parser
      ΓêÜ should parse ZAP riskdesc format correctly (16 ms)
      ΓêÜ should handle malformed riskdesc (5 ms)
      ΓêÜ should parse ZAP JSON report (13 ms)
      ΓêÜ should preserve ZAP instances array (CRITICAL) (4 ms)
      ├ù should parse real ZAP fixture file (35 ms)
    Nuclei Parser
      ΓêÜ should map Nuclei severity correctly (1 ms)
      ΓêÜ should parse Nuclei JSON report (3 ms)
      ΓêÜ should handle Nuclei array format (4 ms)
    Burp Suite Parser
      ΓêÜ should map Burp severity correctly (19 ms)
      ΓêÜ should map Burp confidence correctly (1 ms)
      ├ù should parse Burp XML report (17 ms)
      ΓêÜ should parse real Burp fixture file (8 ms)
    ManageEngine Parser
      ΓêÜ should map ManageEngine severity correctly (2 ms)
      ΓêÜ should parse ManageEngine CSV report (6 ms)
      ΓêÜ should parse real ManageEngine fixture file (6 ms)
    Parser Engine Dispatcher
      ΓêÜ should reject unsupported scanner type (89 ms)
      ΓêÜ should handle file read errors (34 ms)
      ΓêÜ should handle malformed JSON (49 ms)
    Error Handling
      ΓêÜ ZAP parser should handle missing fields gracefully (3 ms)
      ΓêÜ Nuclei parser should handle missing fields gracefully (3 ms)

  ΓùÅ Parser Tests ΓÇ║ OWASP ZAP Parser ΓÇ║ should parse real ZAP fixture file

    expect(received).toBeGreaterThan(expected)

    Expected: > 0
    Received:   0

    [0m [90m 116 |[39m       [36mconst[39m findings [33m=[39m [36mawait[39m parseFile(filePath[33m,[39m 
[32m'owasp_zap'[39m)[33m;[39m
     [90m 117 |[39m
    [31m[1m>[22m[39m[90m 118 |[39m       
expect(findings[33m.[39mlength)[33m.[39mtoBeGreaterThan([35m0[39m)[33m;[39m
     [90m     |[39m                               [31m[1m^[22m[39m
     [90m 119 |[39m       
expect(findings[[35m0[39m][33m.[39mscanner_name)[33m.[39mtoBe([32m'owasp_zap'[39m)[33m;[39m
     [90m 120 |[39m       expect(findings[[35m0[39m][33m.[39minstances)[33m.[39mtoBeDefined()[33m;[39m
     [90m 121 |[39m     })[33m;[39m[0m

      at Object.toBeGreaterThan (tests/parsers.test.js:118:31)

     [90m 229 |[39m         [36mconst[39m backoff [33m=[39m [33mMath[39m[33m.[39mpow([35m2[39m[33m,[39m attempt [33m+[39m [35m1[39m) [33m*[39m [35m1000[39m[33m;[39m [90m// 2s, 4s, 8s[39m
    [31m[1m>[22m[39m[90m 230 |[39m         console[33m.[39mwarn([32m`[fetchWithRetry] Network error ΓÇö retrying in ${backoff / 1000}s (attempt ${attempt + 1}/${MAX_RETRIES}): ${err.message}`[39m)[33m;[39m
     [90m     |[39m                 [31m[1m^[22m[39m
     [90m 231 |[39m         [36mawait[39m sleep(backoff)[33m;[39m
     [90m 232 |[39m       }
     [90m 233 |[39m     }[0m

      at warn (services/cve_importer.js:230:17)
      at Object.<anonymous> (tests/cve/cve_importer.test.js:333:22)

  console.warn
    [fetchWithRetry] Network error ΓÇö retrying in 4s (attempt 2/3): Network error

    [0m [90m 228 |[39m       [36mif[39m (attempt [33m<[39m [33mMAX_RETRIES[39m) {
     [90m 229 |[39m         [36mconst[39m backoff [33m=[39m [33mMath[39m[33m.[39mpow([35m2[39m[33m,[39m attempt [33m+[39m [35m1[39m) [33m*[39m [35m1000[39m[33m;[39m [90m// 2s, 4s, 8s[39m
    [31m[1m>[22m[39m[90m 230 |[39m         console[33m.[39mwarn([32m`[fetchWithRetry] Network error ΓÇö retrying in ${backoff / 1000}s (attempt ${attempt + 1}/${MAX_RETRIES}): ${err.message}`[39m)[33m;[39m
     [90m     |[39m                 [31m[1m^[22m[39m
     [90m 231 |[39m         [36mawait[39m sleep(backoff)[33m;[39m
     [90m 232 |[39m       }
     [90m 233 |[39m     }[0m

      at warn (services/cve_importer.js:230:17)
      at Object.<anonymous> (tests/cve/cve_importer.test.js:333:22)

  console.warn
    [fetchWithRetry] Network error ΓÇö retrying in 2s (attempt 1/3): Network failure

    [0m [90m 228 |[39m       [36mif[39m (attempt [33m<[39m [33mMAX_RETRIES[39m) {
     [90m 229 |[39m         [36mconst[39m backoff [33m=[39m [33mMath[39m[33m.[39mpow([35m2[39m[33m,[39m attempt [33m+[39m [35m1[39m) [33m*[39m [35m1000[39m[33m;[39m [90m// 2s, 4s, 8s[39m
    [31m[1m>[22m[39m[90m 230 |[39m         console[33m.[39mwarn([32m`[fetchWithRetry] Network error ΓÇö retrying in ${backoff / 1000}s (attempt ${attempt + 1}/${MAX_RETRIES}): ${err.message}`[39m)[33m;[39m
     [90m     |[39m                 [31m[1m^[22m[39m
     [90m 231 |[39m         [36mawait[39m sleep(backoff)[33m;[39m
     [90m 232 |[39m       }
     [90m 233 |[39m     }[0m

      at warn (services/cve_importer.js:230:17)
      at Object.<anonymous> (tests/cve/cve_importer.test.js:340:5)

  console.warn
    [fetchWithRetry] Network error ΓÇö retrying in 4s (attempt 2/3): Network failure

    [0m [90m 228 |[39m       [36mif[39m (attempt [33m<[39m [33mMAX_RETRIES[39m) {
     [90m 229 |[39m         [36mconst[39m backoff [33m=[39m [33mMath[39m[33m.[39mpow([35m2[39m[33m,[39m attempt [33m+[39m [35m1[39m) [33m*[39m [35m1000[39m[33m;[39m [90m// 2s, 4s, 8s[39m
  ΓùÅ Parser Tests ΓÇ║ Burp Suite Parser ΓÇ║ should parse Burp XML report

    expect(received).toBe(expected) // Object.is equality

    Expected: "https://example.com"
    Received: "example.com"

    [0m [90m 229 |[39m       
expect(findings[[35m0[39m][33m.[39mconfidence)[33m.[39mtoBe([32m'high'[39m)[33m;[39m
     [90m 230 |[39m       
expect(findings[[35m0[39m][33m.[39mcwe_id)[33m.[39mtoBe([32m'CWE-79'[39m)[33m;[39m
    [31m[1m>[22m[39m[90m 231 |[39m       
expect(findings[[35m0[39m][33m.[39masset)[33m.[39mtoBe([32m'https://example.com'[39m)[33m;[39m
     [90m     |[39m                                 [31m[1m^[22m[39m
     [90m 232 |[39m     })[33m;[39m
     [90m 233 |[39m
     [90m 234 |[39m     test([32m'should parse real Burp fixture file'[39m[33m,[39m [36masync[39m () 
[33m=>[39m {[0m

      at Object.toBe (tests/parsers.test.js:231:33)

PASS tests/integration.test.js
  End-to-End Integration Tests
    ZAP: Multi-instance alert deduplication
      ΓêÜ 14 ZAP instances of same alert ΓåÆ 1 correlated vulnerability (54 ms)
      ΓêÜ Two different ZAP alerts on same host ΓåÆ 2 separate vulnerabilities (2 ms)
    Multi-scanner cross-scanner correlation
      ΓêÜ Same Log4Shell finding from 2 scanners ΓåÆ 1 correlated vuln with tool_agreement=2 (2 ms)
      ΓêÜ Mixed batch: ZAP + non-ZAP scanners each with own vulnerabilities (2 ms)
    Risk scoring pipeline
      ΓêÜ Critical severity + CISA KEV ΓåÆ high risk score (capped at 10) (2 ms)
      ΓêÜ Info severity + no exploit data ΓåÆ low risk score (2 ms)
      ΓêÜ CVSS 9.8 overrides severity mapping (1 ms)
    Confidence scoring pipeline
      ΓêÜ 3 scanners ΓåÆ 30 tool agreement points (capped) (1 ms)
      ΓêÜ ZAP high confidence + PentestTools confirmed ΓåÆ high average (1 ms)
    Status update workflow
      ΓêÜ Valid status transitions are enumerable (14 ms)
    Output property validation
      ΓêÜ All correlated vulnerabilities have required fields (27 ms)
      ΓêÜ All fingerprints are unique (1 ms)
      ΓêÜ No finding loss - all 7 findings accounted for (1 ms)
      ΓêÜ tool_agreement_count equals scanner_sources length for all (1 ms)

PASS tests/database.test.js
  Database Connection
    ΓêÜ should connect to database (243 ms)
    ΓêÜ should have vulnerability schema (13 ms)
    ΓêÜ should have vulnerability_uploads table (17 ms)
    ΓêÜ should have vulnerability_files table (7 ms)
    ΓêÜ should have correlated_vulnerabilities table (5 ms)
    ΓêÜ should have analyst_feedback table (4 ms)
    ΓêÜ vulnerability_uploads should have scanner_type column (31 ms)

PASS tests/cve/cve_sync_job.test.js
  cve_sync_job ΓÇö runSync()
    [31m[1m>[22m[39m[90m 230 |[39m         console[33m.[39mwarn([32m`[fetchWithRetry] Network error ΓÇö retrying in ${backoff / 1000}s (attempt ${attempt + 1}/${MAX_RETRIES}): ${err.message}`[39m)[33m;[39m
     [90m     |[39m                 [31m[1m^[22m[39m
     [90m 231 |[39m         [36mawait[39m sleep(backoff)[33m;[39m
     [90m 232 |[39m       }
     [90m 233 |[39m     }[0m

      at warn (services/cve_importer.js:230:17)
      at Object.<anonymous> (tests/cve/cve_importer.test.js:340:5)

  console.warn
    [fetchWithRetry] Network error ΓÇö retrying in 8s (attempt 3/3): Network failure

    [0m [90m 228 |[39m       [36mif[39m (attempt [33m<[39m [33mMAX_RETRIES[39m) {
     [90m 229 |[39m         [36mconst[39m backoff [33m=[39m [33mMath[39m[33m.[39mpow([35m2[39m[33m,[39m attempt [33m+[39m [35m1[39m) [33m*[39m [35m1000[39m[33m;[39m [90m// 2s, 4s, 8s[39m
    [31m[1m>[22m[39m[90m 230 |[39m         console[33m.[39mwarn([32m`[fetchWithRetry] Network error ΓÇö retrying in ${backoff / 1000}s (attempt ${attempt + 1}/${MAX_RETRIES}): ${err.message}`[39m)[33m;[39m
     [90m     |[39m                 [31m[1m^[22m[39m
     [90m 231 |[39m         [36mawait[39m sleep(backoff)[33m;[39m
     [90m 232 |[39m       }
     [90m 233 |[39m     }[0m

      at warn (services/cve_importer.js:230:17)
      at Object.<anonymous> (tests/cve/cve_importer.test.js:340:5)

  console.log
    [runFilesImport] Walking directory: root

      at log (services/cve_importer.js:283:11)

  console.log
    [runFilesImport] Found 3 JSON files

      at log (services/cve_importer.js:285:11)

  console.error
    [runFilesImport] Error reading/parsing root\CVE-2024-0002.json: Unexpected token 'N', "NOT VALID JSON {{{" is not valid JSON

    [0m [90m 309 |[39m         rows[33m.[39mpush(normalized)[33m;[39m
     [90m 310 |[39m       } [36mcatch[39m (err) {
    [31m[1m>[22m[39m[90m 311 |[39m         console[33m.[39merror([32m`[runFilesImport] Error reading/parsing ${filePath}: ${err.message}`[39m)[33m;[39m
     [90m     |[39m                 [31m[1m^[22m[39m
     [90m 312 |[39m         totalSkipped[33m++[39m[33m;[39m
     [90m 313 |[39m       }
     [90m 314 |[39m     }[0m

      at error (services/cve_importer.js:311:17)
      at Object.<anonymous> (tests/cve/cve_importer.test.js:400:20)

  console.log
    [runFilesImport] Batch 1/1: inserted=2, updated=0, skipped=0

      at log (services/cve_importer.js:324:15)

    ΓêÜ returns early with warning when last_sync_at is 1 hour ago ΓÇö no NVD API calls (5 ms)
    ΓêÜ transitions sync_status from syncing to idle on successful sync (3 ms)
    ΓêÜ sets sync_status to failed on NVD API error and does not call batchUpsert (2 ms)
    ΓêÜ updates last_modified_cursor to lastModEndDate on success (3 ms)
    ΓêÜ calls batchUpsert with normalized rows when NVD returns CVEs (3 ms)
    ΓêÜ proceeds with sync when last_sync_at is null (first run) (2 ms)
    ΓêÜ sets sync_status to failed when fetchWithRetry throws a network error (2 ms)

PASS tests/cve/cve_importer.test.js
  chunk
    ΓêÜ splits array into sub-arrays of given size (13 ms)
    ΓêÜ returns single chunk when array is smaller than size (1 ms)
    ΓêÜ returns empty array for empty input (1 ms)
  walkDirectory
    ΓêÜ collects all .json file paths recursively (6 ms)
    ΓêÜ ignores non-.json files (10 ms)
    ΓêÜ returns empty array for empty directory (8 ms)
  batchUpsert
    ΓêÜ issues BEGIN and COMMIT (7 ms)
    ΓêÜ issues upsert SQL for vuln.cves (2 ms)
    ΓêÜ issues DELETE then INSERT for metrics (2 ms)
    ΓêÜ issues DELETE then INSERT for references (5 ms)
    ΓêÜ skips rows with missing cve_id and counts them as skipped (2 ms)
    ΓêÜ rolls back on DB error and re-throws (63 ms)
    ΓêÜ returns inserted/updated/skipped counts (2 ms)
  fetchWithRetry
    ΓêÜ returns response on success (6 ms)
    ΓêÜ retries on 429 up to 3 times then succeeds (128 ms)
    ΓêÜ retries on 503 up to 3 times then succeeds (48 ms)
    ΓêÜ returns 429 response after exhausting all 3 retries (43 ms)
    ΓêÜ retries on network error with exponential backoff (21 ms)
    ΓêÜ throws after exhausting all network error retries (32 ms)
  runFilesImport
    ΓêÜ skips malformed JSON file and continues processing (24 ms)
    ΓêÜ updates vuln.sync_state after successful import (7 ms)
    ΓêÜ returns summary with filesProcessed, inserted, updated, skipped (8 ms)
  Property 5: batchUpsert idempotence
    ΓêÜ running batchUpsert twice with same rows produces identical state as running once (82 ms)

PASS tests/riskScoring.test.js
  Risk Scoring Engine
    Base Severity Scoring
      ΓêÜ should map severity levels to correct numeric scores (3 ms)
      ΓêÜ should use CVSS score when available (overrides severity) (1 ms)
      ΓêÜ should fall back to severity if CVSS is null (1 ms)
      ΓêÜ should ignore invalid CVSS scores and use severity
      ΓêÜ should default to info score for unknown severity (1 ms)
    Exploitability Multiplier
      ΓêÜ should return 2.0x when in CISA KEV
      ΓêÜ should return 1.5x when EPSS > 0.5 (not in KEV)
      ΓêÜ should return 1.2x when EPSS > 0.1 (not in KEV) (1 ms)
      ΓêÜ should return 1.0x when no exploit data (1 ms)
    Context Multiplier
      ΓêÜ should return 1.0 when no context (1 ms)
      ΓêÜ should add 30% for critical assets (1 ms)
      ΓêÜ should add 20% for internet-facing assets
      ΓêÜ should add 10% for PII assets
  console.log
    [runFilesImport] Walking directory: root

      at log (services/cve_importer.js:283:11)

  console.log
    [runFilesImport] Found 1 JSON files

      at log (services/cve_importer.js:285:11)

  console.log
    [runFilesImport] Batch 1/1: inserted=1, updated=0, skipped=0

      ΓêÜ should stack all context multipliers (1 ms)
    calculateRiskScore()
      ΓêÜ Property 3: Score Validity - must be in range 0.0ΓÇô10.0 (4 ms)
      ΓêÜ severity-only scoring with no CVE (1 ms)
      ΓêÜ EPSS integration - high EPSS score should increase risk (2 ms)
      ΓêÜ EPSS integration - low EPSS score gives 1.2x multiplier (1 ms)
      ΓêÜ CISA KEV integration - in KEV gives 2.0x multiplier (1 ms)
      ΓêÜ PentestTools CISA KEV optimization - uses scanner data, does NOT call API (2 ms)
      ΓêÜ cisa_kev: false from scanner - does not call KEV API
      ΓêÜ context multipliers should stack on top of exploitability (1 ms)
      ΓêÜ score clamping - cannot exceed 10.0 (1 ms)
      ΓêÜ score cannot be below 0.0 (1 ms)
      ΓêÜ EPSS API failure returns 0 gracefully (22 ms)
      ΓêÜ should return all required fields in RiskScore object (3 ms)

PASS tests/normalization.test.js
  Normalization Engine Tests
    Severity Normalization
      ΓêÜ should normalize standard severity levels (2 ms)
      ΓêÜ should normalize case-insensitive severity (1 ms)
      ΓêÜ should normalize alternative severity names (2 ms)
      ΓêÜ should handle unknown severity (1 ms)
      ΓêÜ should use CVSS score when available (1 ms)
    CVSS Score to Severity
      ΓêÜ should map CVSS scores correctly (2 ms)
      ΓêÜ should handle invalid CVSS scores (1 ms)
    Confidence Normalization
      ΓêÜ should normalize standard confidence levels (1 ms)
      ΓêÜ should normalize Burp confidence levels (2 ms)
      ΓêÜ should normalize alternative confidence names (1 ms)
      ΓêÜ should handle unknown confidence (1 ms)
    Parse Severity with Confidence (ZAP Format)
      ΓêÜ should parse ZAP combined format correctly (2 ms)
      ΓêÜ should handle malformed combined format (2 ms)
    URL Normalization
      ΓêÜ should remove query parameters
      ΓêÜ should remove fragments (1 ms)
      ΓêÜ should remove trailing slashes (1 ms)
      ΓêÜ should decode percent-encoded characters (1 ms)
      ΓêÜ should handle complex URLs
      ΓêÜ should handle malformed URLs gracefully (2 ms)
    CVE Extraction
      ΓêÜ should extract CVE from text (1 ms)
      ΓêÜ should extract CVE from multiple fields (1 ms)
      ΓêÜ should handle case-insensitive CVE (1 ms)
      ΓêÜ should return undefined when no CVE found
      ΓêÜ should handle extended CVE format (1 ms)
    CWE Extraction
      ΓêÜ should extract CWE from text (1 ms)
      ΓêÜ should extract CWE from multiple fields (1 ms)
      ΓêÜ should handle case-insensitive CWE (1 ms)
      ΓêÜ should return undefined when no CWE found (1 ms)
    Full Normalization
      ΓêÜ should normalize complete raw finding (2 ms)
      ΓêÜ should validate CVSS score range (1 ms)
      ΓêÜ should validate port range (1 ms)
      ΓêÜ should extract CVE/CWE when not provided (1 ms)
      ΓêÜ should preserve ZAP instances array (1 ms)
      ΓêÜ should handle minimal raw finding (1 ms)
    Edge Cases
      ΓêÜ should handle null/undefined values gracefully (1 ms)
      ΓêÜ should handle empty strings (1 ms)

      at log (services/cve_importer.js:324:15)

  console.log
    [runFilesImport] Walking directory: root

      at log (services/cve_importer.js:283:11)

  console.log
    [runFilesImport] Found 2 JSON files

      at log (services/cve_importer.js:285:11)

  console.log
    [runFilesImport] Batch 1/1: inserted=2, updated=0, skipped=0

      at log (services/cve_importer.js:324:15)

  console.log
    ≡ƒº╣ Cleaning up test environment...

      at Object.log (tests/setup.js:19:11)

  console.log
    [dotenv@17.2.3] injecting env (11) from .env -- tip: ≡ƒöÉ encrypt with Dotenvx: https://dotenvx.com

      at _log (node_modules/dotenv/lib/main.js:142:11)

  console.log
    [dotenv@17.2.3] injecting env (0) from .env -- tip: ΓÜÖ∩╕Å  override existing env vars with { override: true }

      at _log (node_modules/dotenv/lib/main.js:142:11)

  console.log
    [dotenv@17.2.3] injecting env (11) from .env -- tip: ΓÜÖ∩╕Å  suppress all logs with { quiet: true }

      at _log (node_modules/dotenv/lib/main.js:142:11)

  console.log
    ≡ƒº¬ Setting up test environment...

      at Object.log (tests/setup.js:14:11)

  console.log
    ≡ƒº╣ Cleaning up test environment...

      at Object.log (tests/setup.js:19:11)

PASS tests/confidenceScoring.test.js
  Confidence Scoring Engine
    Tool Agreement Scoring
      ΓêÜ 1 scanner = 12 points (2 ms)
      ΓêÜ 2 scanners = 24 points (1 ms)
      ΓêÜ 3 scanners = 30 points (capped)
      ΓêÜ 5 scanners = 30 points (capped)
      ΓêÜ 0 scanners = 0 points (1 ms)
      ΓêÜ null/undefined = 0 points (1 ms)
    Scanner Confidence Scoring
      ΓêÜ ZAP high confidence = 25 points (1 ms)
      ΓêÜ ZAP medium confidence = 15 points
      ΓêÜ ZAP low confidence = 5 points (1 ms)
      ΓêÜ ZAP findings: averages confidence across multiple ZAP findings (1 ms)
      ΓêÜ PentestTools CONFIRMED badge gives 25 points (1 ms)
      ΓêÜ PentestTools without CONFIRMED badge gives 15 points
      ΓêÜ mixed scanners averages confidence correctly (1 ms)
      ΓêÜ empty findings returns default 10
    Evidence Quality Scoring
      ΓêÜ substantial evidence (>50 chars) = 8 points
      ΓêÜ short evidence (1-50 chars) = 4 points (1 ms)
      ΓêÜ no evidence = 0 points (1 ms)
      ΓêÜ multiple evidence items sum up to max 20 points (1 ms)
      ΓêÜ string evidence is handled
    calculateConfidenceScore()
      ΓêÜ Property 3: Score Validity - must be in range 0ΓÇô100 (2 ms)
      ΓêÜ should return all required fields (2 ms)
      ΓêÜ analyst feedback true_positive adds 10 points
      ΓêÜ analyst feedback false_positive subtracts 20 points
      ΓêÜ score clamping - cannot exceed 100 (1 ms)
      ΓêÜ score clamping - cannot go below 0 (1 ms)

  console.log
    [dotenv@17.2.3] injecting env (0) from .env -- tip: ΓÜÖ∩╕Å  suppress all logs with { quiet: true }

      at _log (node_modules/dotenv/lib/main.js:142:11)

  console.log
    ≡ƒº¬ Setting up test environment...

      at Object.log (tests/setup.js:14:11)

  console.log
    ≡ƒº╣ Cleaning up test environment...

      at Object.log (tests/setup.js:19:11)

PASS tests/analystFeedback.test.js
  Analyst Feedback Endpoints
    POST /correlated/:id/feedback
      ΓêÜ should submit true_positive feedback successfully (101 ms)
      ΓêÜ should submit false_positive feedback (12 ms)
      ΓêÜ should reject invalid verdict (9 ms)
      ΓêÜ should reject confidence out of range (>100) (11 ms)
      ΓêÜ should reject confidence out of range (<0) (9 ms)
      ΓêÜ should return 404 for non-existent vulnerability (10 ms)
      ΓêÜ should return 403 if vulnerability belongs to different tenant (10 ms)
    GET /correlated/:id/feedback
      ΓêÜ should return feedback list for a vulnerability (11 ms)
      ΓêÜ should return empty array if no feedback exists (9 ms)
      ΓêÜ should return 404 for non-existent vulnerability (10 ms)

  console.log
    ≡ƒô¥ AI Response: 
    
    SQL injection is a security vulnerability where an attacker inserts malicious SQL code into a query to manipulate or access unauthorized data.

      at Object.log (tests/aiService.quick.test.js:20:13)

  console.log
    Γ£à AI Service is working correctly!

      at Object.log (tests/aiService.quick.test.js:26:13)

  console.log
    ≡ƒöì Testing vulnerability analysis...

      at Object.log (tests/aiService.quick.test.js:30:13)

  console.log
    [dotenv@17.2.3] injecting env (0) from .env -- tip: ≡ƒæÑ sync secrets across teammates & machines: https://dotenvx.com/ops

      at _log (node_modules/dotenv/lib/main.js:142:11)

  console.log
    ≡ƒº¬ Setting up test environment...

      at Object.log (tests/setup.js:14:11)

  console.log
    [DEMO] Skipping CSRF for POST /api/vulnerabilities/upload

      at log (server.js:132:11)

  console.log
    DB Config: {
      user: 'postgres',
      host: 'localhost',
      database: 'cyberpal',
      port: '5432'
    }

      at Object.log [as connectionDB] (config/database_config.js:40:17)

  console.log
    Connected to the database successfully in undefined

      at Object.log [as connectionDB] (config/database_config.js:47:17)

  console.error
    Γ¥î [uploadFiles] Error: Error: Duplicate file detected: "test-scan.json" was already uploaded (batch #5150). Remove the duplicate and try again.
        at VulnerabilityService.processFileUpload (C:\Users\sidaa\cyberpal\Cyberpal.ai\Cyberpal.ai-new\BACKEND\services\vulnerability_Service.js:91:19)
        at processTicksAndRejections (node:internal/process/task_queues:104:5)
        at uploadFiles (C:\Users\sidaa\cyberpal\Cyberpal.ai\Cyberpal.ai-new\BACKEND\controllers\VULNERABILITY_MANAGEMENT\vulnerability_Controller.js:73:22)

    [0m [90m 111 |[39m
     [90m 112 |[39m     } [36mcatch[39m (error) {
    [31m[1m>[22m[39m[90m 113 |[39m       console[33m.[39merror([32m'Γ¥î [uploadFiles] Error:'[39m[33m,[39m error)[33m;[39m
     [90m     |[39m               [31m[1m^[22m[39m
     [90m 114 |[39m       
     [90m 115 |[39m       [90m// Clean up uploaded files on error[39m
     [90m 116 |[39m       [36mif[39m (req[33m.[39mfiles) {[0m

      at error (controllers/VULNERABILITY_MANAGEMENT/vulnerability_Controller.js:113:15)

  console.log
    [DEMO] Skipping CSRF for POST /api/vulnerabilities/upload

      at log (server.js:132:11)

  console.error
    Γ¥î [uploadFiles] Error: Error: Duplicate file detected: "test-scan.xml" was already uploaded (batch #5151). Remove the duplicate and try again.
        at VulnerabilityService.processFileUpload (C:\Users\sidaa\cyberpal\Cyberpal.ai\Cyberpal.ai-new\BACKEND\services\vulnerability_Service.js:91:19)
        at processTicksAndRejections (node:internal/process/task_queues:104:5)
        at uploadFiles (C:\Users\sidaa\cyberpal\Cyberpal.ai\Cyberpal.ai-new\BACKEND\controllers\VULNERABILITY_MANAGEMENT\vulnerability_Controller.js:73:22)

    [0m [90m 111 |[39m
     [90m 112 |[39m     } [36mcatch[39m (error) {
    [31m[1m>[22m[39m[90m 113 |[39m       console[33m.[39merror([32m'Γ¥î [uploadFiles] Error:'[39m[33m,[39m error)[33m;[39m
     [90m     |[39m               [31m[1m^[22m[39m
     [90m 114 |[39m       
     [90m 115 |[39m       [90m// Clean up uploaded files on error[39m
     [90m 116 |[39m       [36mif[39m (req[33m.[39mfiles) {[0m

      at error (controllers/VULNERABILITY_MANAGEMENT/vulnerability_Controller.js:113:15)

  console.log
    [DEMO] Skipping CSRF for POST /api/vulnerabilities/upload

      at log (server.js:132:11)

  console.error
    Γ¥î [uploadFiles] Error: Error: Duplicate file detected: "test-scan.csv" was already uploaded (batch #5152). Remove the duplicate and try again.
        at VulnerabilityService.processFileUpload (C:\Users\sidaa\cyberpal\Cyberpal.ai\Cyberpal.ai-new\BACKEND\services\vulnerability_Service.js:91:19)
        at processTicksAndRejections (node:internal/process/task_queues:104:5)
        at uploadFiles (C:\Users\sidaa\cyberpal\Cyberpal.ai\Cyberpal.ai-new\BACKEND\controllers\VULNERABILITY_MANAGEMENT\vulnerability_Controller.js:73:22)

    [0m [90m 111 |[39m
     [90m 112 |[39m     } [36mcatch[39m (error) {
    [31m[1m>[22m[39m[90m 113 |[39m       console[33m.[39merror([32m'Γ¥î [uploadFiles] Error:'[39m[33m,[39m error)[33m;[39m
     [90m     |[39m               [31m[1m^[22m[39m
     [90m 114 |[39m       
     [90m 115 |[39m       [90m// Clean up uploaded files on error[39m
     [90m 116 |[39m       [36mif[39m (req[33m.[39mfiles) {[0m

      at error (controllers/VULNERABILITY_MANAGEMENT/vulnerability_Controller.js:113:15)

  console.log
    [DEMO] Skipping CSRF for POST /api/vulnerabilities/upload

      at log (server.js:132:11)

  console.error
    Γ¥î [uploadFiles] Error: Error: Duplicate file detected: "test-scan.pdf" was already uploaded (batch #5153). Remove the duplicate and try again.
        at VulnerabilityService.processFileUpload (C:\Users\sidaa\cyberpal\Cyberpal.ai\Cyberpal.ai-new\BACKEND\services\vulnerability_Service.js:91:19)
        at processTicksAndRejections (node:internal/process/task_queues:104:5)
        at uploadFiles (C:\Users\sidaa\cyberpal\Cyberpal.ai\Cyberpal.ai-new\BACKEND\controllers\VULNERABILITY_MANAGEMENT\vulnerability_Controller.js:73:22)

    [0m [90m 111 |[39m
     [90m 112 |[39m     } [36mcatch[39m (error) {
    [31m[1m>[22m[39m[90m 113 |[39m       console[33m.[39merror([32m'Γ¥î [uploadFiles] Error:'[39m[33m,[39m error)[33m;[39m
     [90m     |[39m               [31m[1m^[22m[39m
     [90m 114 |[39m       
     [90m 115 |[39m       [90m// Clean up uploaded files on error[39m
     [90m 116 |[39m       [36mif[39m (req[33m.[39mfiles) {[0m

      at error (controllers/VULNERABILITY_MANAGEMENT/vulnerability_Controller.js:113:15)

  console.log
    [DEMO] Skipping CSRF for POST /api/vulnerabilities/upload

      at log (server.js:132:11)

  console.error
    Γ¥î [uploadFiles] Error: Error: Duplicate file detected: "test-scan.sarif" was already uploaded (batch #5154). Remove the duplicate and try again.
        at VulnerabilityService.processFileUpload (C:\Users\sidaa\cyberpal\Cyberpal.ai\Cyberpal.ai-new\BACKEND\services\vulnerability_Service.js:91:19)
        at processTicksAndRejections (node:internal/process/task_queues:104:5)
        at uploadFiles (C:\Users\sidaa\cyberpal\Cyberpal.ai\Cyberpal.ai-new\BACKEND\controllers\VULNERABILITY_MANAGEMENT\vulnerability_Controller.js:73:22)

    [0m [90m 111 |[39m
     [90m 112 |[39m     } [36mcatch[39m (error) {
    [31m[1m>[22m[39m[90m 113 |[39m       console[33m.[39merror([32m'Γ¥î [uploadFiles] Error:'[39m[33m,[39m error)[33m;[39m
     [90m     |[39m               [31m[1m^[22m[39m
     [90m 114 |[39m       
     [90m 115 |[39m       [90m// Clean up uploaded files on error[39m
     [90m 116 |[39m       [36mif[39m (req[33m.[39mfiles) {[0m

      at error (controllers/VULNERABILITY_MANAGEMENT/vulnerability_Controller.js:113:15)

  console.log
    [DEMO] Skipping CSRF for POST /api/vulnerabilities/upload

      at log (server.js:132:11)

  console.log
    [DEMO] Skipping CSRF for POST /api/vulnerabilities/upload

      at log (server.js:132:11)

  console.error
    Γ¥î [uploadFiles] Error: Error: Duplicate file detected: "test-scan.json" was already uploaded (batch #5150). Remove the duplicate and try again.
        at VulnerabilityService.processFileUpload (C:\Users\sidaa\cyberpal\Cyberpal.ai\Cyberpal.ai-new\BACKEND\services\vulnerability_Service.js:91:19)
        at processTicksAndRejections (node:internal/process/task_queues:104:5)
        at uploadFiles (C:\Users\sidaa\cyberpal\Cyberpal.ai\Cyberpal.ai-new\BACKEND\controllers\VULNERABILITY_MANAGEMENT\vulnerability_Controller.js:73:22)

    [0m [90m 111 |[39m
     [90m 112 |[39m     } [36mcatch[39m (error) {
    [31m[1m>[22m[39m[90m 113 |[39m       console[33m.[39merror([32m'Γ¥î [uploadFiles] Error:'[39m[33m,[39m error)[33m;[39m
     [90m     |[39m               [31m[1m^[22m[39m
     [90m 114 |[39m       
     [90m 115 |[39m       [90m// Clean up uploaded files on error[39m
     [90m 116 |[39m       [36mif[39m (req[33m.[39mfiles) {[0m

      at error (controllers/VULNERABILITY_MANAGEMENT/vulnerability_Controller.js:113:15)

  console.log
    [DEMO] Skipping CSRF for POST /api/vulnerabilities/upload

      at log (server.js:132:11)

  console.error
    Γ¥î [uploadFiles] Error: Error: Duplicate file detected: "test-scan.json" was already uploaded (batch #5150). Remove the duplicate and try again.
        at VulnerabilityService.processFileUpload (C:\Users\sidaa\cyberpal\Cyberpal.ai\Cyberpal.ai-new\BACKEND\services\vulnerability_Service.js:91:19)
        at processTicksAndRejections (node:internal/process/task_queues:104:5)
        at uploadFiles (C:\Users\sidaa\cyberpal\Cyberpal.ai\Cyberpal.ai-new\BACKEND\controllers\VULNERABILITY_MANAGEMENT\vulnerability_Controller.js:73:22)

    [0m [90m 111 |[39m
     [90m 112 |[39m     } [36mcatch[39m (error) {
    [31m[1m>[22m[39m[90m 113 |[39m       console[33m.[39merror([32m'Γ¥î [uploadFiles] Error:'[39m[33m,[39m error)[33m;[39m
     [90m     |[39m               [31m[1m^[22m[39m
     [90m 114 |[39m       
     [90m 115 |[39m       [90m// Clean up uploaded files on error[39m
     [90m 116 |[39m       [36mif[39m (req[33m.[39mfiles) {[0m

      at error (controllers/VULNERABILITY_MANAGEMENT/vulnerability_Controller.js:113:15)

  console.log
    [DEMO] Skipping CSRF for POST /api/vulnerabilities/upload

      at log (server.js:132:11)

  console.error
    Γ¥î [uploadFiles] Error: Error: Duplicate file detected: "test-scan.xml" was already uploaded (batch #5151). Remove the duplicate and try again.
        at VulnerabilityService.processFileUpload (C:\Users\sidaa\cyberpal\Cyberpal.ai\Cyberpal.ai-new\BACKEND\services\vulnerability_Service.js:91:19)
        at processTicksAndRejections (node:internal/process/task_queues:104:5)
        at uploadFiles (C:\Users\sidaa\cyberpal\Cyberpal.ai\Cyberpal.ai-new\BACKEND\controllers\VULNERABILITY_MANAGEMENT\vulnerability_Controller.js:73:22)

    [0m [90m 111 |[39m
     [90m 112 |[39m     } [36mcatch[39m (error) {
    [31m[1m>[22m[39m[90m 113 |[39m       console[33m.[39merror([32m'Γ¥î [uploadFiles] Error:'[39m[33m,[39m error)[33m;[39m
     [90m     |[39m               [31m[1m^[22m[39m
     [90m 114 |[39m       
     [90m 115 |[39m       [90m// Clean up uploaded files on error[39m
     [90m 116 |[39m       [36mif[39m (req[33m.[39mfiles) {[0m

      at error (controllers/VULNERABILITY_MANAGEMENT/vulnerability_Controller.js:113:15)

  console.log
    [DEMO] Skipping CSRF for POST /api/vulnerabilities/upload

      at log (server.js:132:11)

  console.error
    Γ¥î [uploadFiles] Error: Error: Duplicate file detected: "test-scan.pdf" was already uploaded (batch #5153). Remove the duplicate and try again.
        at VulnerabilityService.processFileUpload (C:\Users\sidaa\cyberpal\Cyberpal.ai\Cyberpal.ai-new\BACKEND\services\vulnerability_Service.js:91:19)
        at processTicksAndRejections (node:internal/process/task_queues:104:5)
        at uploadFiles (C:\Users\sidaa\cyberpal\Cyberpal.ai\Cyberpal.ai-new\BACKEND\controllers\VULNERABILITY_MANAGEMENT\vulnerability_Controller.js:73:22)

    [0m [90m 111 |[39m
     [90m 112 |[39m     } [36mcatch[39m (error) {
    [31m[1m>[22m[39m[90m 113 |[39m       console[33m.[39merror([32m'Γ¥î [uploadFiles] Error:'[39m[33m,[39m error)[33m;[39m
     [90m     |[39m               [31m[1m^[22m[39m
     [90m 114 |[39m       
     [90m 115 |[39m       [90m// Clean up uploaded files on error[39m
     [90m 116 |[39m       [36mif[39m (req[33m.[39mfiles) {[0m

      at error (controllers/VULNERABILITY_MANAGEMENT/vulnerability_Controller.js:113:15)

  console.log
    [DEMO] Skipping CSRF for POST /api/vulnerabilities/upload

      at log (server.js:132:11)

  console.error
    Γ¥î [uploadFiles] Error: Error: Duplicate file detected: "test-scan.csv" was already uploaded (batch #5152). Remove the duplicate and try again.
        at VulnerabilityService.processFileUpload (C:\Users\sidaa\cyberpal\Cyberpal.ai\Cyberpal.ai-new\BACKEND\services\vulnerability_Service.js:91:19)
        at processTicksAndRejections (node:internal/process/task_queues:104:5)
        at uploadFiles (C:\Users\sidaa\cyberpal\Cyberpal.ai\Cyberpal.ai-new\BACKEND\controllers\VULNERABILITY_MANAGEMENT\vulnerability_Controller.js:73:22)

    [0m [90m 111 |[39m
     [90m 112 |[39m     } [36mcatch[39m (error) {
    [31m[1m>[22m[39m[90m 113 |[39m       console[33m.[39merror([32m'Γ¥î [uploadFiles] Error:'[39m[33m,[39m error)[33m;[39m
     [90m     |[39m               [31m[1m^[22m[39m
     [90m 114 |[39m       
     [90m 115 |[39m       [90m// Clean up uploaded files on error[39m
     [90m 116 |[39m       [36mif[39m (req[33m.[39mfiles) {[0m

      at error (controllers/VULNERABILITY_MANAGEMENT/vulnerability_Controller.js:113:15)

  console.log
    [DEMO] Skipping CSRF for POST /api/vulnerabilities/upload

      at log (server.js:132:11)

  console.log
    [DEMO] Skipping CSRF for POST /api/vulnerabilities/upload

      at log (server.js:132:11)

  console.log
    [DEMO] Skipping CSRF for POST /api/vulnerabilities/upload

      at log (server.js:132:11)

  console.error
    Γ¥î [uploadFiles] Error: Error: Duplicate file detected: "small-file.json" was already uploaded (batch #5160). Remove the duplicate and try again.
        at VulnerabilityService.processFileUpload (C:\Users\sidaa\cyberpal\Cyberpal.ai\Cyberpal.ai-new\BACKEND\services\vulnerability_Service.js:91:19)
        at processTicksAndRejections (node:internal/process/task_queues:104:5)
        at uploadFiles (C:\Users\sidaa\cyberpal\Cyberpal.ai\Cyberpal.ai-new\BACKEND\controllers\VULNERABILITY_MANAGEMENT\vulnerability_Controller.js:73:22)

    [0m [90m 111 |[39m
     [90m 112 |[39m     } [36mcatch[39m (error) {
    [31m[1m>[22m[39m[90m 113 |[39m       console[33m.[39merror([32m'Γ¥î [uploadFiles] Error:'[39m[33m,[39m error)[33m;[39m
     [90m     |[39m               [31m[1m^[22m[39m
     [90m 114 |[39m       
     [90m 115 |[39m       [90m// Clean up uploaded files on error[39m
     [90m 116 |[39m       [36mif[39m (req[33m.[39mfiles) {[0m

      at error (controllers/VULNERABILITY_MANAGEMENT/vulnerability_Controller.js:113:15)

  console.log
    [DEMO] Skipping CSRF for POST /api/vulnerabilities/upload

      at log (server.js:132:11)

  console.error
    Γ¥î [uploadFiles] Error: Error: Duplicate file detected: "test-scan.json" was already uploaded (batch #5150). Remove the duplicate and try again.
        at VulnerabilityService.processFileUpload (C:\Users\sidaa\cyberpal\Cyberpal.ai\Cyberpal.ai-new\BACKEND\services\vulnerability_Service.js:91:19)
        at processTicksAndRejections (node:internal/process/task_queues:104:5)
        at uploadFiles (C:\Users\sidaa\cyberpal\Cyberpal.ai\Cyberpal.ai-new\BACKEND\controllers\VULNERABILITY_MANAGEMENT\vulnerability_Controller.js:73:22)

    [0m [90m 111 |[39m
     [90m 112 |[39m     } [36mcatch[39m (error) {
    [31m[1m>[22m[39m[90m 113 |[39m       console[33m.[39merror([32m'Γ¥î [uploadFiles] Error:'[39m[33m,[39m error)[33m;[39m
     [90m     |[39m               [31m[1m^[22m[39m
     [90m 114 |[39m       
     [90m 115 |[39m       [90m// Clean up uploaded files on error[39m
     [90m 116 |[39m       [36mif[39m (req[33m.[39mfiles) {[0m

      at error (controllers/VULNERABILITY_MANAGEMENT/vulnerability_Controller.js:113:15)

  console.log
    [DEMO] Skipping CSRF for POST /api/vulnerabilities/upload

      at log (server.js:132:11)

  console.error
    Γ¥î [uploadFiles] Error: Error: Duplicate file detected: "test-scan.json" was already uploaded (batch #5162). Remove the duplicate and try again.
        at VulnerabilityService.processFileUpload (C:\Users\sidaa\cyberpal\Cyberpal.ai\Cyberpal.ai-new\BACKEND\services\vulnerability_Service.js:91:19)
        at processTicksAndRejections (node:internal/process/task_queues:104:5)
        at uploadFiles (C:\Users\sidaa\cyberpal\Cyberpal.ai\Cyberpal.ai-new\BACKEND\controllers\VULNERABILITY_MANAGEMENT\vulnerability_Controller.js:73:22)

    [0m [90m 111 |[39m
     [90m 112 |[39m     } [36mcatch[39m (error) {
    [31m[1m>[22m[39m[90m 113 |[39m       console[33m.[39merror([32m'Γ¥î [uploadFiles] Error:'[39m[33m,[39m error)[33m;[39m
     [90m     |[39m               [31m[1m^[22m[39m
     [90m 114 |[39m       
     [90m 115 |[39m       [90m// Clean up uploaded files on error[39m
     [90m 116 |[39m       [36mif[39m (req[33m.[39mfiles) {[0m

      at error (controllers/VULNERABILITY_MANAGEMENT/vulnerability_Controller.js:113:15)

  console.log
    [DEMO] Skipping CSRF for POST /api/vulnerabilities/upload

      at log (server.js:132:11)

  console.error
    Γ¥î [uploadFiles] Error: Error: Duplicate file detected: "test-scan.json" was already uploaded (batch #5162). Remove the duplicate and try again.
        at VulnerabilityService.processFileUpload (C:\Users\sidaa\cyberpal\Cyberpal.ai\Cyberpal.ai-new\BACKEND\services\vulnerability_Service.js:91:19)
        at processTicksAndRejections (node:internal/process/task_queues:104:5)
        at uploadFiles (C:\Users\sidaa\cyberpal\Cyberpal.ai\Cyberpal.ai-new\BACKEND\controllers\VULNERABILITY_MANAGEMENT\vulnerability_Controller.js:73:22)

    [0m [90m 111 |[39m
     [90m 112 |[39m     } [36mcatch[39m (error) {
    [31m[1m>[22m[39m[90m 113 |[39m       console[33m.[39merror([32m'Γ¥î [uploadFiles] Error:'[39m[33m,[39m error)[33m;[39m
     [90m     |[39m               [31m[1m^[22m[39m
     [90m 114 |[39m       
     [90m 115 |[39m       [90m// Clean up uploaded files on error[39m
     [90m 116 |[39m       [36mif[39m (req[33m.[39mfiles) {[0m

      at error (controllers/VULNERABILITY_MANAGEMENT/vulnerability_Controller.js:113:15)

  console.log
    [DEMO] Skipping CSRF for POST /api/vulnerabilities/upload

      at log (server.js:132:11)

  console.error
    Γ¥î [uploadFiles] Error: Error: Duplicate file detected: "test-scan.json" was already uploaded (batch #5150). Remove the duplicate and try again.
        at VulnerabilityService.processFileUpload (C:\Users\sidaa\cyberpal\Cyberpal.ai\Cyberpal.ai-new\BACKEND\services\vulnerability_Service.js:91:19)
        at processTicksAndRejections (node:internal/process/task_queues:104:5)
        at uploadFiles (C:\Users\sidaa\cyberpal\Cyberpal.ai\Cyberpal.ai-new\BACKEND\controllers\VULNERABILITY_MANAGEMENT\vulnerability_Controller.js:73:22)

    [0m [90m 111 |[39m
     [90m 112 |[39m     } [36mcatch[39m (error) {
    [31m[1m>[22m[39m[90m 113 |[39m       console[33m.[39merror([32m'Γ¥î [uploadFiles] Error:'[39m[33m,[39m error)[33m;[39m
     [90m     |[39m               [31m[1m^[22m[39m
     [90m 114 |[39m       
     [90m 115 |[39m       [90m// Clean up uploaded files on error[39m
     [90m 116 |[39m       [36mif[39m (req[33m.[39mfiles) {[0m

      at error (controllers/VULNERABILITY_MANAGEMENT/vulnerability_Controller.js:113:15)

  console.log
    [DEMO] Skipping CSRF for POST /api/vulnerabilities/upload

      at log (server.js:132:11)

  console.log
    [DEMO] Skipping CSRF for POST /api/vulnerabilities/upload

      at log (server.js:132:11)

  console.error
    Γ¥î [uploadFiles] Error: Error: Duplicate file detected: "test-scan-1.json" was already uploaded (batch #5165). Remove the duplicate and try again.
        at VulnerabilityService.processFileUpload (C:\Users\sidaa\cyberpal\Cyberpal.ai\Cyberpal.ai-new\BACKEND\services\vulnerability_Service.js:91:19)
        at processTicksAndRejections (node:internal/process/task_queues:104:5)
        at uploadFiles (C:\Users\sidaa\cyberpal\Cyberpal.ai\Cyberpal.ai-new\BACKEND\controllers\VULNERABILITY_MANAGEMENT\vulnerability_Controller.js:73:22)

    [0m [90m 111 |[39m
     [90m 112 |[39m     } [36mcatch[39m (error) {
    [31m[1m>[22m[39m[90m 113 |[39m       console[33m.[39merror([32m'Γ¥î [uploadFiles] Error:'[39m[33m,[39m error)[33m;[39m
     [90m     |[39m               [31m[1m^[22m[39m
     [90m 114 |[39m       
     [90m 115 |[39m       [90m// Clean up uploaded files on error[39m
     [90m 116 |[39m       [36mif[39m (req[33m.[39mfiles) {[0m

      at error (controllers/VULNERABILITY_MANAGEMENT/vulnerability_Controller.js:113:15)

  console.log
    [DEMO] Skipping CSRF for POST /api/vulnerabilities/upload

      at log (server.js:132:11)

  console.error
    Γ¥î [uploadFiles] Error: Error: Duplicate file detected: "test-scan.json" was already uploaded (batch #5150). Remove the duplicate and try again.
        at VulnerabilityService.processFileUpload (C:\Users\sidaa\cyberpal\Cyberpal.ai\Cyberpal.ai-new\BACKEND\services\vulnerability_Service.js:91:19)
        at processTicksAndRejections (node:internal/process/task_queues:104:5)
        at uploadFiles (C:\Users\sidaa\cyberpal\Cyberpal.ai\Cyberpal.ai-new\BACKEND\controllers\VULNERABILITY_MANAGEMENT\vulnerability_Controller.js:73:22)

    [0m [90m 111 |[39m
     [90m 112 |[39m     } [36mcatch[39m (error) {
    [31m[1m>[22m[39m[90m 113 |[39m       console[33m.[39merror([32m'Γ¥î [uploadFiles] Error:'[39m[33m,[39m error)[33m;[39m
     [90m     |[39m               [31m[1m^[22m[39m
     [90m 114 |[39m       
     [90m 115 |[39m       [90m// Clean up uploaded files on error[39m
     [90m 116 |[39m       [36mif[39m (req[33m.[39mfiles) {[0m

      at error (controllers/VULNERABILITY_MANAGEMENT/vulnerability_Controller.js:113:15)

  console.log
    [DEMO] Skipping CSRF for POST /api/vulnerabilities/upload

      at log (server.js:132:11)

  console.error
    Γ¥î [uploadFiles] Error: Error: Duplicate file detected: "test-scan.json" was already uploaded (batch #5150). Remove the duplicate and try again.
        at VulnerabilityService.processFileUpload (C:\Users\sidaa\cyberpal\Cyberpal.ai\Cyberpal.ai-new\BACKEND\services\vulnerability_Service.js:91:19)
        at processTicksAndRejections (node:internal/process/task_queues:104:5)
        at uploadFiles (C:\Users\sidaa\cyberpal\Cyberpal.ai\Cyberpal.ai-new\BACKEND\controllers\VULNERABILITY_MANAGEMENT\vulnerability_Controller.js:73:22)

    [0m [90m 111 |[39m
     [90m 112 |[39m     } [36mcatch[39m (error) {
    [31m[1m>[22m[39m[90m 113 |[39m       console[33m.[39merror([32m'Γ¥î [uploadFiles] Error:'[39m[33m,[39m error)[33m;[39m
     [90m     |[39m               [31m[1m^[22m[39m
     [90m 114 |[39m       
     [90m 115 |[39m       [90m// Clean up uploaded files on error[39m
     [90m 116 |[39m       [36mif[39m (req[33m.[39mfiles) {[0m

      at error (controllers/VULNERABILITY_MANAGEMENT/vulnerability_Controller.js:113:15)

  console.log
    [DEMO] Skipping CSRF for POST /api/vulnerabilities/upload

      at log (server.js:132:11)

  console.error
    Γ¥î [uploadFiles] Error: Error: Duplicate file detected: "test-scan.json" was already uploaded (batch #5150). Remove the duplicate and try again.
        at VulnerabilityService.processFileUpload (C:\Users\sidaa\cyberpal\Cyberpal.ai\Cyberpal.ai-new\BACKEND\services\vulnerability_Service.js:91:19)
        at processTicksAndRejections (node:internal/process/task_queues:104:5)
        at uploadFiles (C:\Users\sidaa\cyberpal\Cyberpal.ai\Cyberpal.ai-new\BACKEND\controllers\VULNERABILITY_MANAGEMENT\vulnerability_Controller.js:73:22)

    [0m [90m 111 |[39m
     [90m 112 |[39m     } [36mcatch[39m (error) {
    [31m[1m>[22m[39m[90m 113 |[39m       console[33m.[39merror([32m'Γ¥î [uploadFiles] Error:'[39m[33m,[39m error)[33m;[39m
     [90m     |[39m               [31m[1m^[22m[39m
     [90m 114 |[39m       
     [90m 115 |[39m       [90m// Clean up uploaded files on error[39m
     [90m 116 |[39m       [36mif[39m (req[33m.[39mfiles) {[0m

      at error (controllers/VULNERABILITY_MANAGEMENT/vulnerability_Controller.js:113:15)

  console.log
    [DEMO] Skipping CSRF for POST /api/vulnerabilities/upload

      at log (server.js:132:11)

  console.error
    Γ¥î [uploadFiles] Error: Error: Duplicate file detected: "test-scan.json" was already uploaded (batch #5150). Remove the duplicate and try again.
        at VulnerabilityService.processFileUpload (C:\Users\sidaa\cyberpal\Cyberpal.ai\Cyberpal.ai-new\BACKEND\services\vulnerability_Service.js:91:19)
        at processTicksAndRejections (node:internal/process/task_queues:104:5)
        at uploadFiles (C:\Users\sidaa\cyberpal\Cyberpal.ai\Cyberpal.ai-new\BACKEND\controllers\VULNERABILITY_MANAGEMENT\vulnerability_Controller.js:73:22)

    [0m [90m 111 |[39m
     [90m 112 |[39m     } [36mcatch[39m (error) {
    [31m[1m>[22m[39m[90m 113 |[39m       console[33m.[39merror([32m'Γ¥î [uploadFiles] Error:'[39m[33m,[39m error)[33m;[39m
     [90m     |[39m               [31m[1m^[22m[39m
     [90m 114 |[39m       
     [90m 115 |[39m       [90m// Clean up uploaded files on error[39m
     [90m 116 |[39m       [36mif[39m (req[33m.[39mfiles) {[0m

      at error (controllers/VULNERABILITY_MANAGEMENT/vulnerability_Controller.js:113:15)

  console.log
    [DEMO] Skipping CSRF for POST /api/vulnerabilities/upload

      at log (server.js:132:11)

  console.error
    Γ¥î [uploadFiles] Error: Error: Duplicate file detected: "test-scan.json" was already uploaded (batch #5150). Remove the duplicate and try again.
        at VulnerabilityService.processFileUpload (C:\Users\sidaa\cyberpal\Cyberpal.ai\Cyberpal.ai-new\BACKEND\services\vulnerability_Service.js:91:19)
        at processTicksAndRejections (node:internal/process/task_queues:104:5)
        at uploadFiles (C:\Users\sidaa\cyberpal\Cyberpal.ai\Cyberpal.ai-new\BACKEND\controllers\VULNERABILITY_MANAGEMENT\vulnerability_Controller.js:73:22)

    [0m [90m 111 |[39m
     [90m 112 |[39m     } [36mcatch[39m (error) {
    [31m[1m>[22m[39m[90m 113 |[39m       console[33m.[39merror([32m'Γ¥î [uploadFiles] Error:'[39m[33m,[39m error)[33m;[39m
     [90m     |[39m               [31m[1m^[22m[39m
     [90m 114 |[39m       
     [90m 115 |[39m       [90m// Clean up uploaded files on error[39m
     [90m 116 |[39m       [36mif[39m (req[33m.[39mfiles) {[0m

      at error (controllers/VULNERABILITY_MANAGEMENT/vulnerability_Controller.js:113:15)

  console.log
    ≡ƒº╣ Cleaning up test environment...

      at Object.log (tests/setup.js:19:11)

FAIL tests/vulnerability_upload.test.js (7.264 s)
  Vulnerability Upload API
    POST /api/vulnerabilities/upload
      File Type Validation
        ├ù should accept JSON file (279 ms)
        ├ù should accept XML file (64 ms)
        ├ù should accept CSV file (39 ms)
        ├ù should accept PDF file (38 ms)
        ├ù should accept SARIF file (38 ms)
        ΓêÜ should reject unsupported file type (19 ms)
      Scanner Type Validation
        ├ù should accept valid scanner_type: owasp_zap (36 ms)
        ├ù should accept valid scanner_type: nuclei (43 ms)
        ├ù should accept valid scanner_type: burp_suite (42 ms)
        ├ù should accept valid scanner_type: pentest_tools (36 ms)
        ├ù should accept valid scanner_type: manageengine (34 ms)
        ΓêÜ should reject invalid scanner_type (17 ms)
        ΓêÜ should reject missing scanner_type (16 ms)
      File Size Validation
        ├ù should accept file under 50MB (38 ms)
        ΓêÜ should reject file over 50MB
      Tenant Isolation
        ├ù dept_admin can only upload to their department (33 ms)
        ├ù cdt_admin can only upload to their company (35 ms)
        ├ù super_admin can upload to any tenant with explicit sector (42 ms)
      Duplicate File Detection
        ├ù should detect duplicate file by hash (34 ms)
      Additional Validations
        ΓêÜ should reject upload with no files (16 ms)
        ├ù should accept multiple files in one batch (37 ms)
        ├ù should include optional metadata fields (33 ms)
    GET /api/vulnerabilities/batches/:batchId
      ├ù should return batch status (34 ms)
      ├ù should enforce tenant isolation on batch access (35 ms)
      ├ù should return 404 for non-existent batch (38 ms)
      ├ù should include file processing status (37 ms)

  ΓùÅ Vulnerability Upload API ΓÇ║ POST /api/vulnerabilities/upload ΓÇ║ File Type Validation ΓÇ║ should accept JSON 
file

    expect(received).toBe(expected) // Object.is equality

    Expected: 200
    Received: 400

    [0m [90m 56 |[39m           [33m.[39mattach([32m'files'[39m[33m,[39m testFile)[33m;[39m
     [90m 57 |[39m
    [31m[1m>[22m[39m[90m 58 |[39m         
expect(response[33m.[39mstatus)[33m.[39mtoBe([35m200[39m)[33m;[39m
     [90m    |[39m                                 [31m[1m^[22m[39m
     [90m 59 |[39m         
expect(response[33m.[39mbody[33m.[39msuccess)[33m.[39mtoBe([36mtrue[39m)[33m;[39m
     [90m 60 |[39m         
expect(response[33m.[39mbody[33m.[39mdata[33m.[39mupload_id)[33m.[39mtoBeDefined()[33m;[39m
     [90m 61 |[39m         
expect(response[33m.[39mbody[33m.[39mdata[33m.[39mbatch_id)[33m.[39mtoBeDefined()[33m;[39m[0m

      at Object.toBe (tests/vulnerability_upload.test.js:58:33)

  ΓùÅ Vulnerability Upload API ΓÇ║ POST /api/vulnerabilities/upload ΓÇ║ File Type Validation ΓÇ║ should accept XML file

    expect(received).toBe(expected) // Object.is equality

    Expected: 200
    Received: 400

    [0m [90m 71 |[39m           [33m.[39mattach([32m'files'[39m[33m,[39m testFile)[33m;[39m
     [90m 72 |[39m
    [31m[1m>[22m[39m[90m 73 |[39m         
expect(response[33m.[39mstatus)[33m.[39mtoBe([35m200[39m)[33m;[39m
     [90m    |[39m                                 [31m[1m^[22m[39m
     [90m 74 |[39m         
expect(response[33m.[39mbody[33m.[39msuccess)[33m.[39mtoBe([36mtrue[39m)[33m;[39m
     [90m 75 |[39m       })[33m;[39m
     [90m 76 |[39m[0m

      at Object.toBe (tests/vulnerability_upload.test.js:73:33)

  ΓùÅ Vulnerability Upload API ΓÇ║ POST /api/vulnerabilities/upload ΓÇ║ File Type Validation ΓÇ║ should accept CSV file

    expect(received).toBe(expected) // Object.is equality

    Expected: 200
    Received: 400

    [0m [90m 84 |[39m           [33m.[39mattach([32m'files'[39m[33m,[39m testFile)[33m;[39m
     [90m 85 |[39m
    [31m[1m>[22m[39m[90m 86 |[39m         
expect(response[33m.[39mstatus)[33m.[39mtoBe([35m200[39m)[33m;[39m
     [90m    |[39m                                 [31m[1m^[22m[39m
     [90m 87 |[39m         
expect(response[33m.[39mbody[33m.[39msuccess)[33m.[39mtoBe([36mtrue[39m)[33m;[39m
     [90m 88 |[39m       })[33m;[39m
     [90m 89 |[39m[0m

      at Object.toBe (tests/vulnerability_upload.test.js:86:33)

  ΓùÅ Vulnerability Upload API ΓÇ║ POST /api/vulnerabilities/upload ΓÇ║ File Type Validation ΓÇ║ should accept PDF file

    expect(received).toBe(expected) // Object.is equality

    Expected: 200
    Received: 400

    [0m [90m  97 |[39m           [33m.[39mattach([32m'files'[39m[33m,[39m testFile)[33m;[39m
     [90m  98 |[39m
    [31m[1m>[22m[39m[90m  99 |[39m         
expect(response[33m.[39mstatus)[33m.[39mtoBe([35m200[39m)[33m;[39m
     [90m     |[39m                                 [31m[1m^[22m[39m
     [90m 100 |[39m         
expect(response[33m.[39mbody[33m.[39msuccess)[33m.[39mtoBe([36mtrue[39m)[33m;[39m
     [90m 101 |[39m       })[33m;[39m
     [90m 102 |[39m[0m

      at Object.toBe (tests/vulnerability_upload.test.js:99:33)

  ΓùÅ Vulnerability Upload API ΓÇ║ POST /api/vulnerabilities/upload ΓÇ║ File Type Validation ΓÇ║ should accept SARIF 
file

    expect(received).toBe(expected) // Object.is equality

    Expected: 200
    Received: 400

    [0m [90m 110 |[39m           [33m.[39mattach([32m'files'[39m[33m,[39m testFile)[33m;[39m
     [90m 111 |[39m
    [31m[1m>[22m[39m[90m 112 |[39m         
expect(response[33m.[39mstatus)[33m.[39mtoBe([35m200[39m)[33m;[39m
     [90m     |[39m                                 [31m[1m^[22m[39m
     [90m 113 |[39m         
expect(response[33m.[39mbody[33m.[39msuccess)[33m.[39mtoBe([36mtrue[39m)[33m;[39m
     [90m 114 |[39m       })[33m;[39m
     [90m 115 |[39m[0m

      at Object.toBe (tests/vulnerability_upload.test.js:112:33)

  ΓùÅ Vulnerability Upload API ΓÇ║ POST /api/vulnerabilities/upload ΓÇ║ Scanner Type Validation ΓÇ║ should accept 
valid scanner_type: owasp_zap

    expect(received).toBe(expected) // Object.is equality

    Expected: 200
    Received: 400

    [0m [90m 143 |[39m           [33m.[39mattach([32m'files'[39m[33m,[39m testFile)[33m;[39m
     [90m 144 |[39m
    [31m[1m>[22m[39m[90m 145 |[39m         
expect(response[33m.[39mstatus)[33m.[39mtoBe([35m200[39m)[33m;[39m
     [90m     |[39m                                 [31m[1m^[22m[39m
     [90m 146 |[39m         
expect(response[33m.[39mbody[33m.[39mdata[33m.[39mscanner_type)[33m.[39mtoBe([32m'owasp_zap'[39m)[33m;[39m
     [90m 147 |[39m       })[33m;[39m
     [90m 148 |[39m[0m

      at Object.toBe (tests/vulnerability_upload.test.js:145:33)

  ΓùÅ Vulnerability Upload API ΓÇ║ POST /api/vulnerabilities/upload ΓÇ║ Scanner Type Validation ΓÇ║ should accept 
valid scanner_type: nuclei

    expect(received).toBe(expected) // Object.is equality

    Expected: 200
    Received: 400

    [0m [90m 156 |[39m           [33m.[39mattach([32m'files'[39m[33m,[39m testFile)[33m;[39m
     [90m 157 |[39m
    [31m[1m>[22m[39m[90m 158 |[39m         
expect(response[33m.[39mstatus)[33m.[39mtoBe([35m200[39m)[33m;[39m
     [90m     |[39m                                 [31m[1m^[22m[39m
     [90m 159 |[39m         
expect(response[33m.[39mbody[33m.[39mdata[33m.[39mscanner_type)[33m.[39mtoBe([32m'nuclei'[39m)[33m;[39m
     [90m 160 |[39m       })[33m;[39m
     [90m 161 |[39m[0m

      at Object.toBe (tests/vulnerability_upload.test.js:158:33)

  ΓùÅ Vulnerability Upload API ΓÇ║ POST /api/vulnerabilities/upload ΓÇ║ Scanner Type Validation ΓÇ║ should accept 
valid scanner_type: burp_suite

    expect(received).toBe(expected) // Object.is equality

    Expected: 200
    Received: 400

    [0m [90m 169 |[39m           [33m.[39mattach([32m'files'[39m[33m,[39m testFile)[33m;[39m
     [90m 170 |[39m
    [31m[1m>[22m[39m[90m 171 |[39m         
expect(response[33m.[39mstatus)[33m.[39mtoBe([35m200[39m)[33m;[39m
     [90m     |[39m                                 [31m[1m^[22m[39m
     [90m 172 |[39m         
expect(response[33m.[39mbody[33m.[39mdata[33m.[39mscanner_type)[33m.[39mtoBe([32m'burp_suite'[39m)[33m;[39m
     [90m 173 |[39m       })[33m;[39m
     [90m 174 |[39m[0m

      at Object.toBe (tests/vulnerability_upload.test.js:171:33)

  ΓùÅ Vulnerability Upload API ΓÇ║ POST /api/vulnerabilities/upload ΓÇ║ Scanner Type Validation ΓÇ║ should accept 
valid scanner_type: pentest_tools

    expect(received).toBe(expected) // Object.is equality

    Expected: 200
    Received: 400

    [0m [90m 182 |[39m           [33m.[39mattach([32m'files'[39m[33m,[39m testFile)[33m;[39m
     [90m 183 |[39m
    [31m[1m>[22m[39m[90m 184 |[39m         
expect(response[33m.[39mstatus)[33m.[39mtoBe([35m200[39m)[33m;[39m
     [90m     |[39m                                 [31m[1m^[22m[39m
     [90m 185 |[39m         expect(response[33m.[39mbody[33m.[39mdata[33m.[39mscanner_type)[33m.[39mtoBe([32
m'pentest_tools'[39m)[33m;[39m
     [90m 186 |[39m       })[33m;[39m
     [90m 187 |[39m[0m

      at Object.toBe (tests/vulnerability_upload.test.js:184:33)

  ΓùÅ Vulnerability Upload API ΓÇ║ POST /api/vulnerabilities/upload ΓÇ║ Scanner Type Validation ΓÇ║ should accept 
valid scanner_type: manageengine

    expect(received).toBe(expected) // Object.is equality

    Expected: 200
    Received: 400

    [0m [90m 195 |[39m           [33m.[39mattach([32m'files'[39m[33m,[39m testFile)[33m;[39m
     [90m 196 |[39m
    [31m[1m>[22m[39m[90m 197 |[39m         
expect(response[33m.[39mstatus)[33m.[39mtoBe([35m200[39m)[33m;[39m
     [90m     |[39m                                 [31m[1m^[22m[39m
     [90m 198 |[39m         expect(response[33m.[39mbody[33m.[39mdata[33m.[39mscanner_type)[33m.[39mtoBe([32
m'manageengine'[39m)[33m;[39m
     [90m 199 |[39m       })[33m;[39m
     [90m 200 |[39m[0m

      at Object.toBe (tests/vulnerability_upload.test.js:197:33)

  ΓùÅ Vulnerability Upload API ΓÇ║ POST /api/vulnerabilities/upload ΓÇ║ File Size Validation ΓÇ║ should accept file 
under 50MB

    expect(received).toBe(expected) // Object.is equality

    Expected: 200
    Received: 400

    [0m [90m 242 |[39m           [33m.[39mattach([32m'files'[39m[33m,[39m testFile)[33m;[39m
     [90m 243 |[39m
    [31m[1m>[22m[39m[90m 244 |[39m         
expect(response[33m.[39mstatus)[33m.[39mtoBe([35m200[39m)[33m;[39m
     [90m     |[39m                                 [31m[1m^[22m[39m
     [90m 245 |[39m         
expect(response[33m.[39mbody[33m.[39msuccess)[33m.[39mtoBe([36mtrue[39m)[33m;[39m
     [90m 246 |[39m       })[33m;[39m
     [90m 247 |[39m[0m

      at Object.toBe (tests/vulnerability_upload.test.js:244:33)

  ΓùÅ Vulnerability Upload API ΓÇ║ POST /api/vulnerabilities/upload ΓÇ║ Tenant Isolation ΓÇ║ dept_admin can only 
upload to their department

    expect(received).toBe(expected) // Object.is equality

    Expected: 200
    Received: 400

    [0m [90m 278 |[39m           [33m.[39mattach([32m'files'[39m[33m,[39m testFile)[33m;[39m
     [90m 279 |[39m
    [31m[1m>[22m[39m[90m 280 |[39m         
expect(response[33m.[39mstatus)[33m.[39mtoBe([35m200[39m)[33m;[39m
     [90m     |[39m                                 [31m[1m^[22m[39m
     [90m 281 |[39m         
expect(response[33m.[39mbody[33m.[39mdata[33m.[39msector)[33m.[39mtoBe([32m'public'[39m)[33m;[39m  [90m// 
Fixed: dept_admin is public sector[39m
     [90m 282 |[39m         expect(response[33m.[39mbody[33m.[39mdata[33m.[39mdepartment_id)[33m.[39mtoBe(dep
tAdminUser[33m.[39mdepartment_id)[33m;[39m
     [90m 283 |[39m         
expect(response[33m.[39mbody[33m.[39mdata[33m.[39mcompany_id)[33m.[39mtoBeNull()[33m;[39m  [90m// Fixed: 
should be null for public sector[39m[0m

      at Object.toBe (tests/vulnerability_upload.test.js:280:33)

  ΓùÅ Vulnerability Upload API ΓÇ║ POST /api/vulnerabilities/upload ΓÇ║ Tenant Isolation ΓÇ║ cdt_admin can only upload 
to their company

    expect(received).toBe(expected) // Object.is equality

    Expected: 200
    Received: 400

    [0m [90m 293 |[39m           [33m.[39mattach([32m'files'[39m[33m,[39m testFile)[33m;[39m
     [90m 294 |[39m
    [31m[1m>[22m[39m[90m 295 |[39m         
expect(response[33m.[39mstatus)[33m.[39mtoBe([35m200[39m)[33m;[39m
     [90m     |[39m                                 [31m[1m^[22m[39m
     [90m 296 |[39m         
expect(response[33m.[39mbody[33m.[39mdata[33m.[39msector)[33m.[39mtoBe([32m'private'[39m)[33m;[39m
     [90m 297 |[39m         expect(response[33m.[39mbody[33m.[39mdata[33m.[39mcompany_id)[33m.[39mtoBe(cdtAdm
inUser[33m.[39mcompany_id)[33m;[39m
     [90m 298 |[39m         
expect(response[33m.[39mbody[33m.[39mdata[33m.[39mdepartment_id)[33m.[39mtoBeNull()[33m;[39m  [90m// Fixed: 
should be null for private sector[39m[0m

      at Object.toBe (tests/vulnerability_upload.test.js:295:33)

  ΓùÅ Vulnerability Upload API ΓÇ║ POST /api/vulnerabilities/upload ΓÇ║ Tenant Isolation ΓÇ║ super_admin can upload to 
any tenant with explicit sector

    expect(received).toBe(expected) // Object.is equality

    Expected: 200
    Received: 400

    [0m [90m 310 |[39m           [33m.[39mattach([32m'files'[39m[33m,[39m testFile)[33m;[39m
     [90m 311 |[39m
    [31m[1m>[22m[39m[90m 312 |[39m         
expect(response[33m.[39mstatus)[33m.[39mtoBe([35m200[39m)[33m;[39m
     [90m     |[39m                                 [31m[1m^[22m[39m
     [90m 313 |[39m         
expect(response[33m.[39mbody[33m.[39mdata[33m.[39msector)[33m.[39mtoBe([32m'private'[39m)[33m;[39m
     [90m 314 |[39m         
expect(response[33m.[39mbody[33m.[39mdata[33m.[39mcompany_id)[33m.[39mtoBe([35m1[39m)[33m;[39m
     [90m 315 |[39m       })[33m;[39m[0m

      at Object.toBe (tests/vulnerability_upload.test.js:312:33)

  ΓùÅ Vulnerability Upload API ΓÇ║ POST /api/vulnerabilities/upload ΓÇ║ Duplicate File Detection ΓÇ║ should detect 
duplicate file by hash

    expect(received).toBe(expected) // Object.is equality

    Expected: 200
    Received: 400

    [0m [90m 331 |[39m           [33m.[39mattach([32m'files'[39m[33m,[39m testFile)[33m;[39m
     [90m 332 |[39m
    [31m[1m>[22m[39m[90m 333 |[39m         
expect(response1[33m.[39mstatus)[33m.[39mtoBe([35m200[39m)[33m;[39m
     [90m     |[39m                                  [31m[1m^[22m[39m
     [90m 334 |[39m         [36mconst[39m fileHash1 [33m=[39m 
response1[33m.[39mbody[33m.[39mdata[33m.[39mfiles[[35m0[39m][33m.[39mfile_hash[33m;[39m
     [90m 335 |[39m
     [90m 336 |[39m         [90m// Upload same file again[39m[0m

      at Object.toBe (tests/vulnerability_upload.test.js:333:34)

  ΓùÅ Vulnerability Upload API ΓÇ║ POST /api/vulnerabilities/upload ΓÇ║ Additional Validations ΓÇ║ should accept 
multiple files in one batch

    expect(received).toBe(expected) // Object.is equality

    Expected: 200
    Received: 400

    [0m [90m 379 |[39m           [33m.[39mattach([32m'files'[39m[33m,[39m testFile2)[33m;[39m
     [90m 380 |[39m
    [31m[1m>[22m[39m[90m 381 |[39m         
expect(response[33m.[39mstatus)[33m.[39mtoBe([35m200[39m)[33m;[39m
     [90m     |[39m                                 [31m[1m^[22m[39m
     [90m 382 |[39m         
expect(response[33m.[39mbody[33m.[39mdata[33m.[39mfiles_count)[33m.[39mtoBe([35m2[39m)[33m;[39m
     [90m 383 |[39m         
expect(response[33m.[39mbody[33m.[39mdata[33m.[39mfiles)[33m.[39mtoHaveLength([35m2[39m)[33m;[39m
     [90m 384 |[39m       })[33m;[39m[0m

      at Object.toBe (tests/vulnerability_upload.test.js:381:33)

  ΓùÅ Vulnerability Upload API ΓÇ║ POST /api/vulnerabilities/upload ΓÇ║ Additional Validations ΓÇ║ should include 
optional metadata fields

    expect(received).toBe(expected) // Object.is equality

    Expected: 200
    Received: 400

    [0m [90m 396 |[39m           [33m.[39mattach([32m'files'[39m[33m,[39m testFile)[33m;[39m
     [90m 397 |[39m
    [31m[1m>[22m[39m[90m 398 |[39m         
expect(response[33m.[39mstatus)[33m.[39mtoBe([35m200[39m)[33m;[39m
     [90m     |[39m                                 [31m[1m^[22m[39m
     [90m 399 |[39m         
expect(response[33m.[39mbody[33m.[39mdata[33m.[39mscanner_type)[33m.[39mtoBe([32m'owasp_zap'[39m)[33m;[39m
     [90m 400 |[39m       })[33m;[39m
     [90m 401 |[39m     })[33m;[39m[0m

      at Object.toBe (tests/vulnerability_upload.test.js:398:33)

  ΓùÅ Vulnerability Upload API ΓÇ║ GET /api/vulnerabilities/batches/:batchId ΓÇ║ should return batch status

    TypeError: Cannot read properties of undefined (reading 'batch_id')

    [0m [90m 416 |[39m         [33m.[39mattach([32m'files'[39m[33m,[39m testFile)[33m;[39m
     [90m 417 |[39m
    [31m[1m>[22m[39m[90m 418 |[39m       testBatchId [33m=[39m 
uploadResponse[33m.[39mbody[33m.[39mdata[33m.[39mbatch_id[33m;[39m
     [90m     |[39m                                              [31m[1m^[22m[39m
     [90m 419 |[39m     })[33m;[39m
     [90m 420 |[39m
     [90m 421 |[39m     test([32m'should return batch status'[39m[33m,[39m [36masync[39m () [33m=>[39m {[0m

      at Object.batch_id (tests/vulnerability_upload.test.js:418:46)

  ΓùÅ Vulnerability Upload API ΓÇ║ GET /api/vulnerabilities/batches/:batchId ΓÇ║ should enforce tenant isolation on 
batch access

    TypeError: Cannot read properties of undefined (reading 'batch_id')

    [0m [90m 416 |[39m         [33m.[39mattach([32m'files'[39m[33m,[39m testFile)[33m;[39m
     [90m 417 |[39m
    [31m[1m>[22m[39m[90m 418 |[39m       testBatchId [33m=[39m 
uploadResponse[33m.[39mbody[33m.[39mdata[33m.[39mbatch_id[33m;[39m
     [90m     |[39m                                              [31m[1m^[22m[39m
     [90m 419 |[39m     })[33m;[39m
     [90m 420 |[39m
     [90m 421 |[39m     test([32m'should return batch status'[39m[33m,[39m [36masync[39m () [33m=>[39m {[0m

      at Object.batch_id (tests/vulnerability_upload.test.js:418:46)

  ΓùÅ Vulnerability Upload API ΓÇ║ GET /api/vulnerabilities/batches/:batchId ΓÇ║ should return 404 for non-existent 
batch

    TypeError: Cannot read properties of undefined (reading 'batch_id')

    [0m [90m 416 |[39m         [33m.[39mattach([32m'files'[39m[33m,[39m testFile)[33m;[39m
     [90m 417 |[39m
    [31m[1m>[22m[39m[90m 418 |[39m       testBatchId [33m=[39m 
uploadResponse[33m.[39mbody[33m.[39mdata[33m.[39mbatch_id[33m;[39m
     [90m     |[39m                                              [31m[1m^[22m[39m
     [90m 419 |[39m     })[33m;[39m
     [90m 420 |[39m
     [90m 421 |[39m     test([32m'should return batch status'[39m[33m,[39m [36masync[39m () [33m=>[39m {[0m

      at Object.batch_id (tests/vulnerability_upload.test.js:418:46)

  ΓùÅ Vulnerability Upload API ΓÇ║ GET /api/vulnerabilities/batches/:batchId ΓÇ║ should include file processing status

    TypeError: Cannot read properties of undefined (reading 'batch_id')

    [0m [90m 416 |[39m         [33m.[39mattach([32m'files'[39m[33m,[39m testFile)[33m;[39m
     [90m 417 |[39m
    [31m[1m>[22m[39m[90m 418 |[39m       testBatchId [33m=[39m 
uploadResponse[33m.[39mbody[33m.[39mdata[33m.[39mbatch_id[33m;[39m
     [90m     |[39m                                              [31m[1m^[22m[39m
     [90m 419 |[39m     })[33m;[39m
     [90m 420 |[39m
     [90m 421 |[39m     test([32m'should return batch status'[39m[33m,[39m [36masync[39m () [33m=>[39m {[0m

      at Object.batch_id (tests/vulnerability_upload.test.js:418:46)

  console.log
    Γ£à Vulnerability Quality Analysis: {
      evidence_quality_score: 95,
      true_positive_likelihood: 95,
      concerns: [
        "The payload ' OR 1=1--' is a generic SQL injection test case; while effective, it may not always confirm a true vulnerability if the application has mitigations (e.g., input validation, parameterized queries) that the scanner did not account for.",
        "The CVE (CVE-2023-12345) is relatively new (2023), which could indicate a potential false positive if the vulnerability database is not up-to-date or if the scanner's signature is misconfigured."
      ],
      confidence_assessment: 'high',
      reasoning: 'The evidence shows a successful authentication bypass using a classic SQL injection payload, which strongly indicates a true positive. OWASP ZAP is a reputable scanner, and the CWE (CWE-89) aligns with the described issue. However, the simplicity of the payload raises minor concerns about potential false positives if the application has non-standard input handling. The high severity and direct evidence support a high confidence assessment.'
    }

      at Object.log (tests/aiService.test.js:64:15)

  console.log
    ≡ƒôè Analysis Result: {
      evidence_quality_score: 85,
      true_positive_likelihood: 95,
      concerns: [
        'Lack of CVE/CWE identifiers makes it difficult to verify against known vulnerabilities or track specific exploits',
        "The payload ' OR 1=1-- is a generic SQL injection test and may not confirm exploitation in all contexts (e.g., if input filtering or WAFs are in place)"
      ],
      confidence_assessment: 'high',
      reasoning: "The evidence uses a well-known SQL injection payload that typically bypasses authentication by exploiting unfiltered input. OWASP ZAP is a reputable scanner, and the finding is in a high-risk area (login form). However, the absence of CVE/CWE details reduces specificity. The payload's effectiveness suggests a true positive, but confirmation via manual testing or additional evidence (e.g., error messages, data leakage) would strengthen certainty. The high likelihood of exploitation in a login form further supports confidence."
    }

      at Object.log (tests/aiService.quick.test.js:44:13)

  console.log
    Γ£à Vulnerability analysis working!

      at Object.log (tests/aiService.quick.test.js:50:13)

  console.log
    ≡ƒº╣ Cleaning up test environment...

      at Object.log (tests/setup.js:19:11)

  console.log
    [dotenv@17.2.3] injecting env (0) from .env -- tip: ΓÜÖ∩╕Å  load multiple .env files with { path: ['.env.local', '.env'] }

      at _log (node_modules/dotenv/lib/main.js:142:11)

PASS tests/aiService.quick.test.js (23.805 s)
  AI Service - Quick Test
    ΓêÜ should make a simple AI call successfully (4317 ms)
    ΓêÜ should analyze a simple vulnerability (17856 ms)

  console.log
    Γ£à Remediation Guidance: 
    
    ### **Remediation Steps for SQL Injection in Login Form (CVE-2023-12345 / CWE-89)**
    
    ---
    
    #### **1. Immediate Actions (Quick Wins)**  
    These steps can be implemented quickly to reduce the attack sur...

      at Object.log (tests/aiService.test.js:76:15)

  console.log
    Γ£à False Positive Prediction: {
      is_likely_false_positive: false,
      confidence: 95,
      reasoning: "The vulnerability report from OWASP ZAP shows a high-confidence finding with a successful authentication bypass using a classic SQL injection payload (' OR 1=1--'). This payload is a well-known test vector for SQL injection, and its effectiveness in bypassing authentication strongly indicates a real vulnerability. The scanner's high confidence level and the critical severity further support the validity of the finding. However, the use of 'example.com' as the asset URL might suggest a test environment, which could imply the vulnerability is not present in production. Environmental factors like input validation rules, database configuration, or application-layer mitigations (e.g., parameterized queries) could influence the result. Without additional context about the application's security measures or production setup, the evidence points to a genuine risk rather than a false positive.",
      recommendation: 'investigate'
    }

      at Object.log (tests/aiService.test.js:95:15)

  console.log
    Γ£à False Positive Prediction (with history): {
      is_likely_false_positive: false,
      confidence: 95,
      reasoning: "The vulnerability evidence demonstrates a successful authentication bypass using a classic SQL injection payload (' OR 1=1--'), which is a well-established attack vector. The high confidence score from OWASP ZAP, combined with historical context showing a similar nuclei scan was a true positive confirmed by manual testing, strongly indicates this is a legitimate vulnerability. The payload's effectiveness in bypassing login security suggests proper exploitation conditions exist, making a false positive unlikely. Environmental factors like input validation bypass or scanner misconfiguration could theoretically exist, but the concrete evidence outweighs these possibilities.",
      recommendation: 'investigate'
    }

      at Object.log (tests/aiService.test.js:113:15)

  console.log
    Γ£à Correlation Suggestion: {
      should_correlate: true,
      confidence: 95,
      reasoning: 'Both vulnerabilities describe an identical SQL injection issue in the login form of web-app-01 at https://example.com/login. The descriptions match verbatim, specifying that user input is not sanitized before SQL queries. While reported by different scanners (owasp_zap and nuclei), the core vulnerability class (SQL Injection), asset, URL, and severity (critical) are identical. The only differences are scanner names and minor title variations, which do not impact the technical correlation.',
      similarity_score: 95
    }

      at Object.log (tests/aiService.test.js:139:15)

  console.log
    Γ£à Correlation Suggestion (different types): {
      should_correlate: false,
      confidence: 30,
      reasoning: 'The vulnerabilities are distinct in both type and impact. Vulnerability 1 is an SQL Injection (targeting database queries via unsanitized input in the /login endpoint), while Vulnerability 2 is a Reflected XSS (injecting scripts via the /search parameter). They affect different attack vectors (data exfiltration vs client-side script execution), operate on separate URLs, and involve different payloads. Though both exist on the same asset (web-app-01), their technical characteristics and exploitation methods are unrelated.',
      similarity_score: 15
    }

      at Object.log (tests/aiService.test.js:148:15)

  console.log
    Γ£à Batch Prioritization: [
      {
        title: 'SQL Injection in Login Form',
        rank: 1,
        reasoning: 'The SQL Injection vulnerability in the login form is prioritized as highest due to its critical severity and direct exploitability. A successful exploit could bypass authentication, expose sensitive data (e.g., user credentials, personal information), or enable full database compromise. Since it resides in a login formΓÇöa high-value attack surfaceΓÇöthis vulnerability poses an immediate risk to asset criticality. The evidence from OWASP ZAP confirms its presence, and its exploitability is high given the simplicity of injecting malicious payloads into form inputs. This must be addressed first to prevent catastrophic data breaches or unauthorized access.'
      },
      {
        title: 'Cross-Site Scripting (XSS)',
        rank: 2,
        reasoning: "The XSS vulnerability, while rated high, is secondary to SQLi but still critical due to its potential to hijack user sessions, deface the application, or deliver payloads to unsuspecting users. Exploitability depends on whether it's stored, reflected, or DOM-based, but its presence in web-app-01 (likely a public-facing application) increases risk. Unlike SQLi, XSS often requires user interaction, but its impact on user trust and potential for lateral movement makes it a high priority. The evidence from Burp Suite validates its existence, and remediation (e.g., input sanitization, output encoding) should follow SQLi to mitigate active threats."
      },
      {
        title: 'Missing Security Headers',
        rank: 3,
        reasoning: 'Missing Security Headers is low severity but still requires remediation as part of a holistic security posture. While less immediately exploitable, it weakens defense-in-depth by exposing the application to risks like MIME-type sniffing, clickjacking, or protocol downgrade attacks. However, its impact is mitigated by the absence of direct data exposure or authentication bypass capabilities. This should be addressed after higher-risk vulnerabilities to optimize resource allocation, though it should not be ignored entirely. The evidence from OWASP ZAP confirms its presence, but its lower severity and exploit complexity place it last in this triage.'
      }
    ]

      at Object.log (tests/aiService.test.js:177:15)

  console.log
    Γ£à Basic AI Call: 
    
    SQL injection is a security vulnerability where attackers insert malicious SQL code into input fields to manipulate or exploit a database query.

      at Object.log (tests/aiService.test.js:201:15)

  console.log
    ≡ƒº╣ Cleaning up test environment...

      at Object.log (tests/setup.js:19:11)

  console.log
    [dotenv@17.2.3] injecting env (0) from .env -- tip: ΓÜÖ∩╕Å  override existing env vars with { override: true }

      at _log (node_modules/dotenv/lib/main.js:142:11)

PASS tests/aiService.test.js (131.645 s)
  AI Service - NVIDIA Integration
    analyzeVulnerabilityQuality
      ΓêÜ should analyze vulnerability and return quality assessment (11114 ms)
    generateRemediationGuidance
      ΓêÜ should generate enhanced remediation recommendations (53544 ms)
    predictFalsePositive
      ΓêÜ should predict if vulnerability is likely false positive (16021 ms)
      ΓêÜ should use historical data when provided (8377 ms)
    suggestCorrelation
      ΓêÜ should suggest correlation between similar vulnerabilities (9524 ms)
      ΓêÜ should not correlate different vulnerability types (10032 ms)
    batchPrioritize
      ΓêÜ should prioritize multiple vulnerabilities (16625 ms)
      ΓêÜ should handle empty array (1 ms)
    callAI
      ΓêÜ should make basic AI call (4715 ms)

Test Suites: 3 failed, 1 skipped, 16 passed, 19 of 20 total
Tests:       24 failed, 21 skipped, 346 passed, 391 total
Snapshots:   0 total
Time:        133.174 s, estimated 134 s
Ran all test suites.
